
AVRASM ver. 2.1.30  E:\ALL PROJECTS\AVR project\Remmember\Codevision AVR\Digital Lock\Debug\List\DL.asm Fri Sep 11 19:29:19 2026

E:\ALL PROJECTS\AVR project\Remmember\Codevision AVR\Digital Lock\Debug\List\DL.asm(1088): warning: Register r4 already defined by the .DEF directive
E:\ALL PROJECTS\AVR project\Remmember\Codevision AVR\Digital Lock\Debug\List\DL.asm(1089): warning: Register r5 already defined by the .DEF directive
E:\ALL PROJECTS\AVR project\Remmember\Codevision AVR\Digital Lock\Debug\List\DL.asm(1090): warning: Register r6 already defined by the .DEF directive
E:\ALL PROJECTS\AVR project\Remmember\Codevision AVR\Digital Lock\Debug\List\DL.asm(1091): warning: Register r7 already defined by the .DEF directive
E:\ALL PROJECTS\AVR project\Remmember\Codevision AVR\Digital Lock\Debug\List\DL.asm(1092): warning: Register r8 already defined by the .DEF directive
E:\ALL PROJECTS\AVR project\Remmember\Codevision AVR\Digital Lock\Debug\List\DL.asm(1093): warning: Register r9 already defined by the .DEF directive
E:\ALL PROJECTS\AVR project\Remmember\Codevision AVR\Digital Lock\Debug\List\DL.asm(1094): warning: Register r10 already defined by the .DEF directive
E:\ALL PROJECTS\AVR project\Remmember\Codevision AVR\Digital Lock\Debug\List\DL.asm(1095): warning: Register r11 already defined by the .DEF directive
E:\ALL PROJECTS\AVR project\Remmember\Codevision AVR\Digital Lock\Debug\List\DL.asm(1096): warning: Register r13 already defined by the .DEF directive
E:\ALL PROJECTS\AVR project\Remmember\Codevision AVR\Digital Lock\Debug\List\DL.asm(1097): warning: Register r12 already defined by the .DEF directive
                 
                 
                 ;CodeVisionAVR C Compiler V3.14 Advanced
                 ;(C) Copyright 1998-2014 Pavel Haiduc, HP InfoTech s.r.l.
                 ;http://www.hpinfotech.com
                 
                 ;Build configuration    : Debug
                 ;Chip type              : ATmega16A
                 ;Program type           : Application
                 ;Clock frequency        : 8.000000 MHz
                 ;Memory model           : Small
                 ;Optimize for           : Size
                 ;(s)printf features     : int, width
                 ;(s)scanf features      : int, width
                 ;External RAM size      : 0
                 ;Data Stack size        : 256 byte(s)
                 ;Heap size              : 0 byte(s)
                 ;Promote 'char' to 'int': Yes
                 ;'char' is unsigned     : Yes
                 ;8 bit enums            : Yes
                 ;Global 'const' stored in FLASH: Yes
                 ;Enhanced function parameter passing: Yes
                 ;Enhanced core instructions: On
                 ;Automatic register allocation for global variables: On
                 ;Smart register allocation: On
                 
                 	#define _MODEL_SMALL_
                 
                 	#pragma AVRPART ADMIN PART_NAME ATmega16A
                 	#pragma AVRPART MEMORY PROG_FLASH 16384
                 	#pragma AVRPART MEMORY EEPROM 512
                 	#pragma AVRPART MEMORY INT_SRAM SIZE 1024
                 	#pragma AVRPART MEMORY INT_SRAM START_ADDR 0x60
                 
                 	#define CALL_SUPPORTED 1
                 
                 	.LISTMAC
                 	.EQU UDRE=0x5
                 	.EQU RXC=0x7
                 	.EQU USR=0xB
                 	.EQU UDR=0xC
                 	.EQU SPSR=0xE
                 	.EQU SPDR=0xF
                 	.EQU EERE=0x0
                 	.EQU EEWE=0x1
                 	.EQU EEMWE=0x2
                 	.EQU EECR=0x1C
                 	.EQU EEDR=0x1D
                 	.EQU EEARL=0x1E
                 	.EQU EEARH=0x1F
                 	.EQU WDTCR=0x21
                 	.EQU MCUCR=0x35
                 	.EQU GICR=0x3B
                 	.EQU SPL=0x3D
                 	.EQU SPH=0x3E
                 	.EQU SREG=0x3F
                 
                 	.DEF R0X0=R0
                 	.DEF R0X1=R1
                 	.DEF R0X2=R2
                 	.DEF R0X3=R3
                 	.DEF R0X4=R4
                 	.DEF R0X5=R5
                 	.DEF R0X6=R6
                 	.DEF R0X7=R7
                 	.DEF R0X8=R8
                 	.DEF R0X9=R9
                 	.DEF R0XA=R10
                 	.DEF R0XB=R11
                 	.DEF R0XC=R12
                 	.DEF R0XD=R13
                 	.DEF R0XE=R14
                 	.DEF R0XF=R15
                 	.DEF R0X10=R16
                 	.DEF R0X11=R17
                 	.DEF R0X12=R18
                 	.DEF R0X13=R19
                 	.DEF R0X14=R20
                 	.DEF R0X15=R21
                 	.DEF R0X16=R22
                 	.DEF R0X17=R23
                 	.DEF R0X18=R24
                 	.DEF R0X19=R25
                 	.DEF R0X1A=R26
                 	.DEF R0X1B=R27
                 	.DEF R0X1C=R28
                 	.DEF R0X1D=R29
                 	.DEF R0X1E=R30
                 	.DEF R0X1F=R31
                 
                 	.EQU __SRAM_START=0x0060
                 	.EQU __SRAM_END=0x045F
                 	.EQU __DSTACK_SIZE=0x0100
                 	.EQU __HEAP_SIZE=0x0000
                 	.EQU __CLEAR_SRAM_SIZE=__SRAM_END-__SRAM_START+1
                 
                 	.MACRO __CPD1N
                 	CPI  R30,LOW(@0)
                 	LDI  R26,HIGH(@0)
                 	CPC  R31,R26
                 	LDI  R26,BYTE3(@0)
                 	CPC  R22,R26
                 	LDI  R26,BYTE4(@0)
                 	CPC  R23,R26
                 	.ENDM
                 
                 	.MACRO __CPD2N
                 	CPI  R26,LOW(@0)
                 	LDI  R30,HIGH(@0)
                 	CPC  R27,R30
                 	LDI  R30,BYTE3(@0)
                 	CPC  R24,R30
                 	LDI  R30,BYTE4(@0)
                 	CPC  R25,R30
                 	.ENDM
                 
                 	.MACRO __CPWRR
                 	CP   R@0,R@2
                 	CPC  R@1,R@3
                 	.ENDM
                 
                 	.MACRO __CPWRN
                 	CPI  R@0,LOW(@2)
                 	LDI  R30,HIGH(@2)
                 	CPC  R@1,R30
                 	.ENDM
                 
                 	.MACRO __ADDB1MN
                 	SUBI R30,LOW(-@0-(@1))
                 	.ENDM
                 
                 	.MACRO __ADDB2MN
                 	SUBI R26,LOW(-@0-(@1))
                 	.ENDM
                 
                 	.MACRO __ADDW1MN
                 	SUBI R30,LOW(-@0-(@1))
                 	SBCI R31,HIGH(-@0-(@1))
                 	.ENDM
                 
                 	.MACRO __ADDW2MN
                 	SUBI R26,LOW(-@0-(@1))
                 	SBCI R27,HIGH(-@0-(@1))
                 	.ENDM
                 
                 	.MACRO __ADDW1FN
                 	SUBI R30,LOW(-2*@0-(@1))
                 	SBCI R31,HIGH(-2*@0-(@1))
                 	.ENDM
                 
                 	.MACRO __ADDD1FN
                 	SUBI R30,LOW(-2*@0-(@1))
                 	SBCI R31,HIGH(-2*@0-(@1))
                 	SBCI R22,BYTE3(-2*@0-(@1))
                 	.ENDM
                 
                 	.MACRO __ADDD1N
                 	SUBI R30,LOW(-@0)
                 	SBCI R31,HIGH(-@0)
                 	SBCI R22,BYTE3(-@0)
                 	SBCI R23,BYTE4(-@0)
                 	.ENDM
                 
                 	.MACRO __ADDD2N
                 	SUBI R26,LOW(-@0)
                 	SBCI R27,HIGH(-@0)
                 	SBCI R24,BYTE3(-@0)
                 	SBCI R25,BYTE4(-@0)
                 	.ENDM
                 
                 	.MACRO __SUBD1N
                 	SUBI R30,LOW(@0)
                 	SBCI R31,HIGH(@0)
                 	SBCI R22,BYTE3(@0)
                 	SBCI R23,BYTE4(@0)
                 	.ENDM
                 
                 	.MACRO __SUBD2N
                 	SUBI R26,LOW(@0)
                 	SBCI R27,HIGH(@0)
                 	SBCI R24,BYTE3(@0)
                 	SBCI R25,BYTE4(@0)
                 	.ENDM
                 
                 	.MACRO __ANDBMNN
                 	LDS  R30,@0+(@1)
                 	ANDI R30,LOW(@2)
                 	STS  @0+(@1),R30
                 	.ENDM
                 
                 	.MACRO __ANDWMNN
                 	LDS  R30,@0+(@1)
                 	ANDI R30,LOW(@2)
                 	STS  @0+(@1),R30
                 	LDS  R30,@0+(@1)+1
                 	ANDI R30,HIGH(@2)
                 	STS  @0+(@1)+1,R30
                 	.ENDM
                 
                 	.MACRO __ANDD1N
                 	ANDI R30,LOW(@0)
                 	ANDI R31,HIGH(@0)
                 	ANDI R22,BYTE3(@0)
                 	ANDI R23,BYTE4(@0)
                 	.ENDM
                 
                 	.MACRO __ANDD2N
                 	ANDI R26,LOW(@0)
                 	ANDI R27,HIGH(@0)
                 	ANDI R24,BYTE3(@0)
                 	ANDI R25,BYTE4(@0)
                 	.ENDM
                 
                 	.MACRO __ORBMNN
                 	LDS  R30,@0+(@1)
                 	ORI  R30,LOW(@2)
                 	STS  @0+(@1),R30
                 	.ENDM
                 
                 	.MACRO __ORWMNN
                 	LDS  R30,@0+(@1)
                 	ORI  R30,LOW(@2)
                 	STS  @0+(@1),R30
                 	LDS  R30,@0+(@1)+1
                 	ORI  R30,HIGH(@2)
                 	STS  @0+(@1)+1,R30
                 	.ENDM
                 
                 	.MACRO __ORD1N
                 	ORI  R30,LOW(@0)
                 	ORI  R31,HIGH(@0)
                 	ORI  R22,BYTE3(@0)
                 	ORI  R23,BYTE4(@0)
                 	.ENDM
                 
                 	.MACRO __ORD2N
                 	ORI  R26,LOW(@0)
                 	ORI  R27,HIGH(@0)
                 	ORI  R24,BYTE3(@0)
                 	ORI  R25,BYTE4(@0)
                 	.ENDM
                 
                 	.MACRO __DELAY_USB
                 	LDI  R24,LOW(@0)
                 __DELAY_USB_LOOP:
                 	DEC  R24
                 	BRNE __DELAY_USB_LOOP
                 	.ENDM
                 
                 	.MACRO __DELAY_USW
                 	LDI  R24,LOW(@0)
                 	LDI  R25,HIGH(@0)
                 __DELAY_USW_LOOP:
                 	SBIW R24,1
                 	BRNE __DELAY_USW_LOOP
                 	.ENDM
                 
                 	.MACRO __GETD1S
                 	LDD  R30,Y+@0
                 	LDD  R31,Y+@0+1
                 	LDD  R22,Y+@0+2
                 	LDD  R23,Y+@0+3
                 	.ENDM
                 
                 	.MACRO __GETD2S
                 	LDD  R26,Y+@0
                 	LDD  R27,Y+@0+1
                 	LDD  R24,Y+@0+2
                 	LDD  R25,Y+@0+3
                 	.ENDM
                 
                 	.MACRO __PUTD1S
                 	STD  Y+@0,R30
                 	STD  Y+@0+1,R31
                 	STD  Y+@0+2,R22
                 	STD  Y+@0+3,R23
                 	.ENDM
                 
                 	.MACRO __PUTD2S
                 	STD  Y+@0,R26
                 	STD  Y+@0+1,R27
                 	STD  Y+@0+2,R24
                 	STD  Y+@0+3,R25
                 	.ENDM
                 
                 	.MACRO __PUTDZ2
                 	STD  Z+@0,R26
                 	STD  Z+@0+1,R27
                 	STD  Z+@0+2,R24
                 	STD  Z+@0+3,R25
                 	.ENDM
                 
                 	.MACRO __CLRD1S
                 	STD  Y+@0,R30
                 	STD  Y+@0+1,R30
                 	STD  Y+@0+2,R30
                 	STD  Y+@0+3,R30
                 	.ENDM
                 
                 	.MACRO __POINTB1MN
                 	LDI  R30,LOW(@0+(@1))
                 	.ENDM
                 
                 	.MACRO __POINTW1MN
                 	LDI  R30,LOW(@0+(@1))
                 	LDI  R31,HIGH(@0+(@1))
                 	.ENDM
                 
                 	.MACRO __POINTD1M
                 	LDI  R30,LOW(@0)
                 	LDI  R31,HIGH(@0)
                 	LDI  R22,BYTE3(@0)
                 	LDI  R23,BYTE4(@0)
                 	.ENDM
                 
                 	.MACRO __POINTW1FN
                 	LDI  R30,LOW(2*@0+(@1))
                 	LDI  R31,HIGH(2*@0+(@1))
                 	.ENDM
                 
                 	.MACRO __POINTD1FN
                 	LDI  R30,LOW(2*@0+(@1))
                 	LDI  R31,HIGH(2*@0+(@1))
                 	LDI  R22,BYTE3(2*@0+(@1))
                 	LDI  R23,BYTE4(2*@0+(@1))
                 	.ENDM
                 
                 	.MACRO __POINTB2MN
                 	LDI  R26,LOW(@0+(@1))
                 	.ENDM
                 
                 	.MACRO __POINTW2MN
                 	LDI  R26,LOW(@0+(@1))
                 	LDI  R27,HIGH(@0+(@1))
                 	.ENDM
                 
                 	.MACRO __POINTW2FN
                 	LDI  R26,LOW(2*@0+(@1))
                 	LDI  R27,HIGH(2*@0+(@1))
                 	.ENDM
                 
                 	.MACRO __POINTD2FN
                 	LDI  R26,LOW(2*@0+(@1))
                 	LDI  R27,HIGH(2*@0+(@1))
                 	LDI  R24,BYTE3(2*@0+(@1))
                 	LDI  R25,BYTE4(2*@0+(@1))
                 	.ENDM
                 
                 	.MACRO __POINTBRM
                 	LDI  R@0,LOW(@1)
                 	.ENDM
                 
                 	.MACRO __POINTWRM
                 	LDI  R@0,LOW(@2)
                 	LDI  R@1,HIGH(@2)
                 	.ENDM
                 
                 	.MACRO __POINTBRMN
                 	LDI  R@0,LOW(@1+(@2))
                 	.ENDM
                 
                 	.MACRO __POINTWRMN
                 	LDI  R@0,LOW(@2+(@3))
                 	LDI  R@1,HIGH(@2+(@3))
                 	.ENDM
                 
                 	.MACRO __POINTWRFN
                 	LDI  R@0,LOW(@2*2+(@3))
                 	LDI  R@1,HIGH(@2*2+(@3))
                 	.ENDM
                 
                 	.MACRO __GETD1N
                 	LDI  R30,LOW(@0)
                 	LDI  R31,HIGH(@0)
                 	LDI  R22,BYTE3(@0)
                 	LDI  R23,BYTE4(@0)
                 	.ENDM
                 
                 	.MACRO __GETD2N
                 	LDI  R26,LOW(@0)
                 	LDI  R27,HIGH(@0)
                 	LDI  R24,BYTE3(@0)
                 	LDI  R25,BYTE4(@0)
                 	.ENDM
                 
                 	.MACRO __GETB1MN
                 	LDS  R30,@0+(@1)
                 	.ENDM
                 
                 	.MACRO __GETB1HMN
                 	LDS  R31,@0+(@1)
                 	.ENDM
                 
                 	.MACRO __GETW1MN
                 	LDS  R30,@0+(@1)
                 	LDS  R31,@0+(@1)+1
                 	.ENDM
                 
                 	.MACRO __GETD1MN
                 	LDS  R30,@0+(@1)
                 	LDS  R31,@0+(@1)+1
                 	LDS  R22,@0+(@1)+2
                 	LDS  R23,@0+(@1)+3
                 	.ENDM
                 
                 	.MACRO __GETBRMN
                 	LDS  R@0,@1+(@2)
                 	.ENDM
                 
                 	.MACRO __GETWRMN
                 	LDS  R@0,@2+(@3)
                 	LDS  R@1,@2+(@3)+1
                 	.ENDM
                 
                 	.MACRO __GETWRZ
                 	LDD  R@0,Z+@2
                 	LDD  R@1,Z+@2+1
                 	.ENDM
                 
                 	.MACRO __GETD2Z
                 	LDD  R26,Z+@0
                 	LDD  R27,Z+@0+1
                 	LDD  R24,Z+@0+2
                 	LDD  R25,Z+@0+3
                 	.ENDM
                 
                 	.MACRO __GETB2MN
                 	LDS  R26,@0+(@1)
                 	.ENDM
                 
                 	.MACRO __GETW2MN
                 	LDS  R26,@0+(@1)
                 	LDS  R27,@0+(@1)+1
                 	.ENDM
                 
                 	.MACRO __GETD2MN
                 	LDS  R26,@0+(@1)
                 	LDS  R27,@0+(@1)+1
                 	LDS  R24,@0+(@1)+2
                 	LDS  R25,@0+(@1)+3
                 	.ENDM
                 
                 	.MACRO __PUTB1MN
                 	STS  @0+(@1),R30
                 	.ENDM
                 
                 	.MACRO __PUTW1MN
                 	STS  @0+(@1),R30
                 	STS  @0+(@1)+1,R31
                 	.ENDM
                 
                 	.MACRO __PUTD1MN
                 	STS  @0+(@1),R30
                 	STS  @0+(@1)+1,R31
                 	STS  @0+(@1)+2,R22
                 	STS  @0+(@1)+3,R23
                 	.ENDM
                 
                 	.MACRO __PUTB1EN
                 	LDI  R26,LOW(@0+(@1))
                 	LDI  R27,HIGH(@0+(@1))
                 	CALL __EEPROMWRB
                 	.ENDM
                 
                 	.MACRO __PUTW1EN
                 	LDI  R26,LOW(@0+(@1))
                 	LDI  R27,HIGH(@0+(@1))
                 	CALL __EEPROMWRW
                 	.ENDM
                 
                 	.MACRO __PUTD1EN
                 	LDI  R26,LOW(@0+(@1))
                 	LDI  R27,HIGH(@0+(@1))
                 	CALL __EEPROMWRD
                 	.ENDM
                 
                 	.MACRO __PUTBR0MN
                 	STS  @0+(@1),R0
                 	.ENDM
                 
                 	.MACRO __PUTBMRN
                 	STS  @0+(@1),R@2
                 	.ENDM
                 
                 	.MACRO __PUTWMRN
                 	STS  @0+(@1),R@2
                 	STS  @0+(@1)+1,R@3
                 	.ENDM
                 
                 	.MACRO __PUTBZR
                 	STD  Z+@1,R@0
                 	.ENDM
                 
                 	.MACRO __PUTWZR
                 	STD  Z+@2,R@0
                 	STD  Z+@2+1,R@1
                 	.ENDM
                 
                 	.MACRO __GETW1R
                 	MOV  R30,R@0
                 	MOV  R31,R@1
                 	.ENDM
                 
                 	.MACRO __GETW2R
                 	MOV  R26,R@0
                 	MOV  R27,R@1
                 	.ENDM
                 
                 	.MACRO __GETWRN
                 	LDI  R@0,LOW(@2)
                 	LDI  R@1,HIGH(@2)
                 	.ENDM
                 
                 	.MACRO __PUTW1R
                 	MOV  R@0,R30
                 	MOV  R@1,R31
                 	.ENDM
                 
                 	.MACRO __PUTW2R
                 	MOV  R@0,R26
                 	MOV  R@1,R27
                 	.ENDM
                 
                 	.MACRO __ADDWRN
                 	SUBI R@0,LOW(-@2)
                 	SBCI R@1,HIGH(-@2)
                 	.ENDM
                 
                 	.MACRO __ADDWRR
                 	ADD  R@0,R@2
                 	ADC  R@1,R@3
                 	.ENDM
                 
                 	.MACRO __SUBWRN
                 	SUBI R@0,LOW(@2)
                 	SBCI R@1,HIGH(@2)
                 	.ENDM
                 
                 	.MACRO __SUBWRR
                 	SUB  R@0,R@2
                 	SBC  R@1,R@3
                 	.ENDM
                 
                 	.MACRO __ANDWRN
                 	ANDI R@0,LOW(@2)
                 	ANDI R@1,HIGH(@2)
                 	.ENDM
                 
                 	.MACRO __ANDWRR
                 	AND  R@0,R@2
                 	AND  R@1,R@3
                 	.ENDM
                 
                 	.MACRO __ORWRN
                 	ORI  R@0,LOW(@2)
                 	ORI  R@1,HIGH(@2)
                 	.ENDM
                 
                 	.MACRO __ORWRR
                 	OR   R@0,R@2
                 	OR   R@1,R@3
                 	.ENDM
                 
                 	.MACRO __EORWRR
                 	EOR  R@0,R@2
                 	EOR  R@1,R@3
                 	.ENDM
                 
                 	.MACRO __GETWRS
                 	LDD  R@0,Y+@2
                 	LDD  R@1,Y+@2+1
                 	.ENDM
                 
                 	.MACRO __PUTBSR
                 	STD  Y+@1,R@0
                 	.ENDM
                 
                 	.MACRO __PUTWSR
                 	STD  Y+@2,R@0
                 	STD  Y+@2+1,R@1
                 	.ENDM
                 
                 	.MACRO __MOVEWRR
                 	MOV  R@0,R@2
                 	MOV  R@1,R@3
                 	.ENDM
                 
                 	.MACRO __INWR
                 	IN   R@0,@2
                 	IN   R@1,@2+1
                 	.ENDM
                 
                 	.MACRO __OUTWR
                 	OUT  @2+1,R@1
                 	OUT  @2,R@0
                 	.ENDM
                 
                 	.MACRO __CALL1MN
                 	LDS  R30,@0+(@1)
                 	LDS  R31,@0+(@1)+1
                 	ICALL
                 	.ENDM
                 
                 	.MACRO __CALL1FN
                 	LDI  R30,LOW(2*@0+(@1))
                 	LDI  R31,HIGH(2*@0+(@1))
                 	CALL __GETW1PF
                 	ICALL
                 	.ENDM
                 
                 	.MACRO __CALL2EN
                 	PUSH R26
                 	PUSH R27
                 	LDI  R26,LOW(@0+(@1))
                 	LDI  R27,HIGH(@0+(@1))
                 	CALL __EEPROMRDW
                 	POP  R27
                 	POP  R26
                 	ICALL
                 	.ENDM
                 
                 	.MACRO __CALL2EX
                 	SUBI R26,LOW(-@0)
                 	SBCI R27,HIGH(-@0)
                 	CALL __EEPROMRDD
                 	ICALL
                 	.ENDM
                 
                 	.MACRO __GETW1STACK
                 	IN   R30,SPL
                 	IN   R31,SPH
                 	ADIW R30,@0+1
                 	LD   R0,Z+
                 	LD   R31,Z
                 	MOV  R30,R0
                 	.ENDM
                 
                 	.MACRO __GETD1STACK
                 	IN   R30,SPL
                 	IN   R31,SPH
                 	ADIW R30,@0+1
                 	LD   R0,Z+
                 	LD   R1,Z+
                 	LD   R22,Z
                 	MOVW R30,R0
                 	.ENDM
                 
                 	.MACRO __NBST
                 	BST  R@0,@1
                 	IN   R30,SREG
                 	LDI  R31,0x40
                 	EOR  R30,R31
                 	OUT  SREG,R30
                 	.ENDM
                 
                 
                 	.MACRO __PUTB1SN
                 	LDD  R26,Y+@0
                 	LDD  R27,Y+@0+1
                 	SUBI R26,LOW(-@1)
                 	SBCI R27,HIGH(-@1)
                 	ST   X,R30
                 	.ENDM
                 
                 	.MACRO __PUTW1SN
                 	LDD  R26,Y+@0
                 	LDD  R27,Y+@0+1
                 	SUBI R26,LOW(-@1)
                 	SBCI R27,HIGH(-@1)
                 	ST   X+,R30
                 	ST   X,R31
                 	.ENDM
                 
                 	.MACRO __PUTD1SN
                 	LDD  R26,Y+@0
                 	LDD  R27,Y+@0+1
                 	SUBI R26,LOW(-@1)
                 	SBCI R27,HIGH(-@1)
                 	CALL __PUTDP1
                 	.ENDM
                 
                 	.MACRO __PUTB1SNS
                 	LDD  R26,Y+@0
                 	LDD  R27,Y+@0+1
                 	ADIW R26,@1
                 	ST   X,R30
                 	.ENDM
                 
                 	.MACRO __PUTW1SNS
                 	LDD  R26,Y+@0
                 	LDD  R27,Y+@0+1
                 	ADIW R26,@1
                 	ST   X+,R30
                 	ST   X,R31
                 	.ENDM
                 
                 	.MACRO __PUTD1SNS
                 	LDD  R26,Y+@0
                 	LDD  R27,Y+@0+1
                 	ADIW R26,@1
                 	CALL __PUTDP1
                 	.ENDM
                 
                 	.MACRO __PUTB1PMN
                 	LDS  R26,@0
                 	LDS  R27,@0+1
                 	SUBI R26,LOW(-@1)
                 	SBCI R27,HIGH(-@1)
                 	ST   X,R30
                 	.ENDM
                 
                 	.MACRO __PUTW1PMN
                 	LDS  R26,@0
                 	LDS  R27,@0+1
                 	SUBI R26,LOW(-@1)
                 	SBCI R27,HIGH(-@1)
                 	ST   X+,R30
                 	ST   X,R31
                 	.ENDM
                 
                 	.MACRO __PUTD1PMN
                 	LDS  R26,@0
                 	LDS  R27,@0+1
                 	SUBI R26,LOW(-@1)
                 	SBCI R27,HIGH(-@1)
                 	CALL __PUTDP1
                 	.ENDM
                 
                 	.MACRO __PUTB1PMNS
                 	LDS  R26,@0
                 	LDS  R27,@0+1
                 	ADIW R26,@1
                 	ST   X,R30
                 	.ENDM
                 
                 	.MACRO __PUTW1PMNS
                 	LDS  R26,@0
                 	LDS  R27,@0+1
                 	ADIW R26,@1
                 	ST   X+,R30
                 	ST   X,R31
                 	.ENDM
                 
                 	.MACRO __PUTD1PMNS
                 	LDS  R26,@0
                 	LDS  R27,@0+1
                 	ADIW R26,@1
                 	CALL __PUTDP1
                 	.ENDM
                 
                 	.MACRO __PUTB1RN
                 	MOVW R26,R@0
                 	SUBI R26,LOW(-@1)
                 	SBCI R27,HIGH(-@1)
                 	ST   X,R30
                 	.ENDM
                 
                 	.MACRO __PUTW1RN
                 	MOVW R26,R@0
                 	SUBI R26,LOW(-@1)
                 	SBCI R27,HIGH(-@1)
                 	ST   X+,R30
                 	ST   X,R31
                 	.ENDM
                 
                 	.MACRO __PUTD1RN
                 	MOVW R26,R@0
                 	SUBI R26,LOW(-@1)
                 	SBCI R27,HIGH(-@1)
                 	CALL __PUTDP1
                 	.ENDM
                 
                 	.MACRO __PUTB1RNS
                 	MOVW R26,R@0
                 	ADIW R26,@1
                 	ST   X,R30
                 	.ENDM
                 
                 	.MACRO __PUTW1RNS
                 	MOVW R26,R@0
                 	ADIW R26,@1
                 	ST   X+,R30
                 	ST   X,R31
                 	.ENDM
                 
                 	.MACRO __PUTD1RNS
                 	MOVW R26,R@0
                 	ADIW R26,@1
                 	CALL __PUTDP1
                 	.ENDM
                 
                 	.MACRO __PUTB1RON
                 	MOV  R26,R@0
                 	MOV  R27,R@1
                 	SUBI R26,LOW(-@2)
                 	SBCI R27,HIGH(-@2)
                 	ST   X,R30
                 	.ENDM
                 
                 	.MACRO __PUTW1RON
                 	MOV  R26,R@0
                 	MOV  R27,R@1
                 	SUBI R26,LOW(-@2)
                 	SBCI R27,HIGH(-@2)
                 	ST   X+,R30
                 	ST   X,R31
                 	.ENDM
                 
                 	.MACRO __PUTD1RON
                 	MOV  R26,R@0
                 	MOV  R27,R@1
                 	SUBI R26,LOW(-@2)
                 	SBCI R27,HIGH(-@2)
                 	CALL __PUTDP1
                 	.ENDM
                 
                 	.MACRO __PUTB1RONS
                 	MOV  R26,R@0
                 	MOV  R27,R@1
                 	ADIW R26,@2
                 	ST   X,R30
                 	.ENDM
                 
                 	.MACRO __PUTW1RONS
                 	MOV  R26,R@0
                 	MOV  R27,R@1
                 	ADIW R26,@2
                 	ST   X+,R30
                 	ST   X,R31
                 	.ENDM
                 
                 	.MACRO __PUTD1RONS
                 	MOV  R26,R@0
                 	MOV  R27,R@1
                 	ADIW R26,@2
                 	CALL __PUTDP1
                 	.ENDM
                 
                 
                 	.MACRO __GETB1SX
                 	MOVW R30,R28
                 	SUBI R30,LOW(-@0)
                 	SBCI R31,HIGH(-@0)
                 	LD   R30,Z
                 	.ENDM
                 
                 	.MACRO __GETB1HSX
                 	MOVW R30,R28
                 	SUBI R30,LOW(-@0)
                 	SBCI R31,HIGH(-@0)
                 	LD   R31,Z
                 	.ENDM
                 
                 	.MACRO __GETW1SX
                 	MOVW R30,R28
                 	SUBI R30,LOW(-@0)
                 	SBCI R31,HIGH(-@0)
                 	LD   R0,Z+
                 	LD   R31,Z
                 	MOV  R30,R0
                 	.ENDM
                 
                 	.MACRO __GETD1SX
                 	MOVW R30,R28
                 	SUBI R30,LOW(-@0)
                 	SBCI R31,HIGH(-@0)
                 	LD   R0,Z+
                 	LD   R1,Z+
                 	LD   R22,Z+
                 	LD   R23,Z
                 	MOVW R30,R0
                 	.ENDM
                 
                 	.MACRO __GETB2SX
                 	MOVW R26,R28
                 	SUBI R26,LOW(-@0)
                 	SBCI R27,HIGH(-@0)
                 	LD   R26,X
                 	.ENDM
                 
                 	.MACRO __GETW2SX
                 	MOVW R26,R28
                 	SUBI R26,LOW(-@0)
                 	SBCI R27,HIGH(-@0)
                 	LD   R0,X+
                 	LD   R27,X
                 	MOV  R26,R0
                 	.ENDM
                 
                 	.MACRO __GETD2SX
                 	MOVW R26,R28
                 	SUBI R26,LOW(-@0)
                 	SBCI R27,HIGH(-@0)
                 	LD   R0,X+
                 	LD   R1,X+
                 	LD   R24,X+
                 	LD   R25,X
                 	MOVW R26,R0
                 	.ENDM
                 
                 	.MACRO __GETBRSX
                 	MOVW R30,R28
                 	SUBI R30,LOW(-@1)
                 	SBCI R31,HIGH(-@1)
                 	LD   R@0,Z
                 	.ENDM
                 
                 	.MACRO __GETWRSX
                 	MOVW R30,R28
                 	SUBI R30,LOW(-@2)
                 	SBCI R31,HIGH(-@2)
                 	LD   R@0,Z+
                 	LD   R@1,Z
                 	.ENDM
                 
                 	.MACRO __GETBRSX2
                 	MOVW R26,R28
                 	SUBI R26,LOW(-@1)
                 	SBCI R27,HIGH(-@1)
                 	LD   R@0,X
                 	.ENDM
                 
                 	.MACRO __GETWRSX2
                 	MOVW R26,R28
                 	SUBI R26,LOW(-@2)
                 	SBCI R27,HIGH(-@2)
                 	LD   R@0,X+
                 	LD   R@1,X
                 	.ENDM
                 
                 	.MACRO __LSLW8SX
                 	MOVW R30,R28
                 	SUBI R30,LOW(-@0)
                 	SBCI R31,HIGH(-@0)
                 	LD   R31,Z
                 	CLR  R30
                 	.ENDM
                 
                 	.MACRO __PUTB1SX
                 	MOVW R26,R28
                 	SUBI R26,LOW(-@0)
                 	SBCI R27,HIGH(-@0)
                 	ST   X,R30
                 	.ENDM
                 
                 	.MACRO __PUTW1SX
                 	MOVW R26,R28
                 	SUBI R26,LOW(-@0)
                 	SBCI R27,HIGH(-@0)
                 	ST   X+,R30
                 	ST   X,R31
                 	.ENDM
                 
                 	.MACRO __PUTD1SX
                 	MOVW R26,R28
                 	SUBI R26,LOW(-@0)
                 	SBCI R27,HIGH(-@0)
                 	ST   X+,R30
                 	ST   X+,R31
                 	ST   X+,R22
                 	ST   X,R23
                 	.ENDM
                 
                 	.MACRO __CLRW1SX
                 	MOVW R26,R28
                 	SUBI R26,LOW(-@0)
                 	SBCI R27,HIGH(-@0)
                 	ST   X+,R30
                 	ST   X,R30
                 	.ENDM
                 
                 	.MACRO __CLRD1SX
                 	MOVW R26,R28
                 	SUBI R26,LOW(-@0)
                 	SBCI R27,HIGH(-@0)
                 	ST   X+,R30
                 	ST   X+,R30
                 	ST   X+,R30
                 	ST   X,R30
                 	.ENDM
                 
                 	.MACRO __PUTB2SX
                 	MOVW R30,R28
                 	SUBI R30,LOW(-@0)
                 	SBCI R31,HIGH(-@0)
                 	ST   Z,R26
                 	.ENDM
                 
                 	.MACRO __PUTW2SX
                 	MOVW R30,R28
                 	SUBI R30,LOW(-@0)
                 	SBCI R31,HIGH(-@0)
                 	ST   Z+,R26
                 	ST   Z,R27
                 	.ENDM
                 
                 	.MACRO __PUTD2SX
                 	MOVW R30,R28
                 	SUBI R30,LOW(-@0)
                 	SBCI R31,HIGH(-@0)
                 	ST   Z+,R26
                 	ST   Z+,R27
                 	ST   Z+,R24
                 	ST   Z,R25
                 	.ENDM
                 
                 	.MACRO __PUTBSRX
                 	MOVW R30,R28
                 	SUBI R30,LOW(-@1)
                 	SBCI R31,HIGH(-@1)
                 	ST   Z,R@0
                 	.ENDM
                 
                 	.MACRO __PUTWSRX
                 	MOVW R30,R28
                 	SUBI R30,LOW(-@2)
                 	SBCI R31,HIGH(-@2)
                 	ST   Z+,R@0
                 	ST   Z,R@1
                 	.ENDM
                 
                 	.MACRO __PUTB1SNX
                 	MOVW R26,R28
                 	SUBI R26,LOW(-@0)
                 	SBCI R27,HIGH(-@0)
                 	LD   R0,X+
                 	LD   R27,X
                 	MOV  R26,R0
                 	SUBI R26,LOW(-@1)
                 	SBCI R27,HIGH(-@1)
                 	ST   X,R30
                 	.ENDM
                 
                 	.MACRO __PUTW1SNX
                 	MOVW R26,R28
                 	SUBI R26,LOW(-@0)
                 	SBCI R27,HIGH(-@0)
                 	LD   R0,X+
                 	LD   R27,X
                 	MOV  R26,R0
                 	SUBI R26,LOW(-@1)
                 	SBCI R27,HIGH(-@1)
                 	ST   X+,R30
                 	ST   X,R31
                 	.ENDM
                 
                 	.MACRO __PUTD1SNX
                 	MOVW R26,R28
                 	SUBI R26,LOW(-@0)
                 	SBCI R27,HIGH(-@0)
                 	LD   R0,X+
                 	LD   R27,X
                 	MOV  R26,R0
                 	SUBI R26,LOW(-@1)
                 	SBCI R27,HIGH(-@1)
                 	ST   X+,R30
                 	ST   X+,R31
                 	ST   X+,R22
                 	ST   X,R23
                 	.ENDM
                 
                 	.MACRO __MULBRR
                 	MULS R@0,R@1
                 	MOVW R30,R0
                 	.ENDM
                 
                 	.MACRO __MULBRRU
                 	MUL  R@0,R@1
                 	MOVW R30,R0
                 	.ENDM
                 
                 	.MACRO __MULBRR0
                 	MULS R@0,R@1
                 	.ENDM
                 
                 	.MACRO __MULBRRU0
                 	MUL  R@0,R@1
                 	.ENDM
                 
                 	.MACRO __MULBNWRU
                 	LDI  R26,@2
                 	MUL  R26,R@0
                 	MOVW R30,R0
                 	MUL  R26,R@1
                 	ADD  R31,R0
                 	.ENDM
                 
                 ;NAME DEFINITIONS FOR GLOBAL VARIABLES ALLOCATED TO REGISTERS
                 	.DEF _changepass=R4
                 	.DEF _changepass_msb=R5
                 	.DEF _rotary_value=R6
                 	.DEF _rotary_value_msb=R7
                 	.DEF _corroctnum=R8
                 	.DEF _corroctnum_msb=R9
                 	.DEF _i=R10
                 	.DEF _i_msb=R11
                 	.DEF __lcd_x=R13
                 	.DEF __lcd_y=R12
                 
                 	.CSEG
                 	.ORG 0x00
                 
                 ;START OF CODE MARKER
                 __START_OF_CODE:
                 
                 ;INTERRUPT VECTORS
000000 940c 004f 	JMP  __RESET
000002 940c 007c 	JMP  _ext_int0_isr
000004 940c 0085 	JMP  _ext_int1_isr
000006 940c 0000 	JMP  0x00
000008 940c 0000 	JMP  0x00
00000a 940c 0000 	JMP  0x00
00000c 940c 0000 	JMP  0x00
00000e 940c 0000 	JMP  0x00
000010 940c 0000 	JMP  0x00
000012 940c 0000 	JMP  0x00
000014 940c 0000 	JMP  0x00
000016 940c 0000 	JMP  0x00
000018 940c 0000 	JMP  0x00
00001a 940c 0000 	JMP  0x00
00001c 940c 0000 	JMP  0x00
00001e 940c 0000 	JMP  0x00
000020 940c 0000 	JMP  0x00
000022 940c 0000 	JMP  0x00
000024 940c 008e 	JMP  _ext_int2_isr
000026 940c 0000 	JMP  0x00
000028 940c 0000 	JMP  0x00
                 
                 ;GLOBAL REGISTER VARIABLES INITIALIZATION
                 __REG_VARS:
00002a 0000
00002b 0000      	.DB  0x0,0x0,0x0,0x0
00002c 0000
00002d ffff      	.DB  0x0,0x0,0xFF,0xFF
                 
                 _0x0:
00002e 6e55
00002f 6f6c
000030 6b63
000031 5700      	.DB  0x55,0x6E,0x6C,0x6F,0x63,0x6B,0x0,0x57
000032 6f72
000033 676e
000034 5020
000035 7361      	.DB  0x72,0x6F,0x6E,0x67,0x20,0x50,0x61,0x73
000036 0073
000037 6150
000038 7373
000039 4320      	.DB  0x73,0x0,0x50,0x61,0x73,0x73,0x20,0x43
00003a 6168
00003b 676e
00003c 6465
E:\ALL PROJECTS\AVR project\Remmember\Codevision AVR\Digital Lock\Debug\List\DL.asm(1137): warning: .cseg .db misalignment - padding zero byte
00003d 0000      	.DB  0x68,0x61,0x6E,0x67,0x65,0x64,0x0
                 _0x2000003:
00003e c080      	.DB  0x80,0xC0
                 _0x2020060:
E:\ALL PROJECTS\AVR project\Remmember\Codevision AVR\Digital Lock\Debug\List\DL.asm(1141): warning: .cseg .db misalignment - padding zero byte
00003f 0001      	.DB  0x1
                 _0x2020000:
000040 4e2d
000041 4e41
000042 4900
000043 464e      	.DB  0x2D,0x4E,0x41,0x4E,0x0,0x49,0x4E,0x46
E:\ALL PROJECTS\AVR project\Remmember\Codevision AVR\Digital Lock\Debug\List\DL.asm(1144): warning: .cseg .db misalignment - padding zero byte
000044 0000      	.DB  0x0
                 
                 __GLOBAL_INI_TBL:
000045 0008      	.DW  0x08
000046 0004      	.DW  0x04
000047 0054      	.DW  __REG_VARS*2
                 
000048 0002      	.DW  0x02
000049 017c      	.DW  __base_y_G100
00004a 007c      	.DW  _0x2000003*2
                 
00004b 0001      	.DW  0x01
00004c 0181      	.DW  __seed_G101
00004d 007e      	.DW  _0x2020060*2
                 
                 _0xFFFFFFFF:
00004e 0000      	.DW  0
                 
                 #define __GLOBAL_INI_TBL_PRESENT 1
                 
                 __RESET:
00004f 94f8      	CLI
000050 27ee      	CLR  R30
000051 bbec      	OUT  EECR,R30
                 
                 ;INTERRUPT VECTORS ARE PLACED
                 ;AT THE START OF FLASH
000052 e0f1      	LDI  R31,1
000053 bffb      	OUT  GICR,R31
000054 bfeb      	OUT  GICR,R30
000055 bfe5      	OUT  MCUCR,R30
                 
                 ;CLEAR R2-R14
000056 e08d      	LDI  R24,(14-2)+1
000057 e0a2      	LDI  R26,2
000058 27bb      	CLR  R27
                 __CLEAR_REG:
000059 93ed      	ST   X+,R30
00005a 958a      	DEC  R24
00005b f7e9      	BRNE __CLEAR_REG
                 
                 ;CLEAR SRAM
00005c e080      	LDI  R24,LOW(__CLEAR_SRAM_SIZE)
00005d e094      	LDI  R25,HIGH(__CLEAR_SRAM_SIZE)
00005e e6a0      	LDI  R26,__SRAM_START
                 __CLEAR_SRAM:
00005f 93ed      	ST   X+,R30
000060 9701      	SBIW R24,1
000061 f7e9      	BRNE __CLEAR_SRAM
                 
                 ;GLOBAL VARIABLES INITIALIZATION
000062 e8ea      	LDI  R30,LOW(__GLOBAL_INI_TBL*2)
000063 e0f0      	LDI  R31,HIGH(__GLOBAL_INI_TBL*2)
                 __GLOBAL_INI_NEXT:
000064 9185      	LPM  R24,Z+
000065 9195      	LPM  R25,Z+
000066 9700      	SBIW R24,0
000067 f061      	BREQ __GLOBAL_INI_END
000068 91a5      	LPM  R26,Z+
000069 91b5      	LPM  R27,Z+
00006a 9005      	LPM  R0,Z+
00006b 9015      	LPM  R1,Z+
00006c 01bf      	MOVW R22,R30
00006d 01f0      	MOVW R30,R0
                 __GLOBAL_INI_LOOP:
00006e 9005      	LPM  R0,Z+
00006f 920d      	ST   X+,R0
000070 9701      	SBIW R24,1
000071 f7e1      	BRNE __GLOBAL_INI_LOOP
000072 01fb      	MOVW R30,R22
000073 cff0      	RJMP __GLOBAL_INI_NEXT
                 __GLOBAL_INI_END:
                 
                 ;HARDWARE STACK POINTER INITIALIZATION
000074 e5ef      	LDI  R30,LOW(__SRAM_END-__HEAP_SIZE)
000075 bfed      	OUT  SPL,R30
000076 e0e4      	LDI  R30,HIGH(__SRAM_END-__HEAP_SIZE)
000077 bfee      	OUT  SPH,R30
                 
                 ;DATA STACK POINTER INITIALIZATION
000078 e6c0      	LDI  R28,LOW(__SRAM_START+__DSTACK_SIZE)
000079 e0d1      	LDI  R29,HIGH(__SRAM_START+__DSTACK_SIZE)
                 
00007a 940c 0125 	JMP  _main
                 
                 	.ESEG
                 	.ORG 0
                 
                 	.DSEG
                 	.ORG 0x160
                 
                 	.CSEG
                 ;/*******************************************************
                 ;This program was created by the
                 ;CodeWizardAVR V3.14 Advanced
                 ;Automatic Program Generator
                 ;© Copyright 1998-2014 Pavel Haiduc, HP InfoTech s.r.l.
                 ;http://www.hpinfotech.com
                 ;
                 ;Project :
                 ;Version :
                 ;Date    : 9/10/2026
                 ;Author  :
                 ;Company :
                 ;Comments:
                 ;
                 ;
                 ;Chip type               : ATmega16A
                 ;Program type            : Application
                 ;AVR Core Clock frequency: 8.000000 MHz
                 ;Memory model            : Small
                 ;External RAM size       : 0
                 ;Data Stack size         : 256
                 ;*******************************************************/
                 ;
                 ;#include <mega16a.h>
                 	#ifndef __SLEEP_DEFINED__
                 	#define __SLEEP_DEFINED__
                 	.EQU __se_bit=0x40
                 	.EQU __sm_mask=0xB0
                 	.EQU __sm_powerdown=0x20
                 	.EQU __sm_powersave=0x30
                 	.EQU __sm_standby=0xA0
                 	.EQU __sm_ext_standby=0xB0
                 	.EQU __sm_adc_noise_red=0x10
                 	.SET power_ctrl_reg=mcucr
                 	#endif
                 ;
                 ;// Alphanumeric LCD functions
                 ;#include <alcd.h>
                 ;#include <delay.h>
                 ;#include <stdlib.h>
                 ;
                 ;eeprom int corroctpass[6];
                 ;
                 ;int pass[6];
                 ;int changepass=0,rotary_value,corroctnum,i=-1;
                 ;char ch[16];
                 ;
                 ;// External Interrupt 0 service routine
                 ;interrupt [EXT_INT0] void ext_int0_isr(void)
                 ; 0000 0027 {
                 
                 	.CSEG
                 _ext_int0_isr:
                 ; .FSTART _ext_int0_isr
00007c 940e 025f 	CALL SUBOPT_0x0
                 ; 0000 0028 
                 ; 0000 0029         if(PIND.2==PIND.3)
00007e f419      	BRNE _0x3
                 ; 0000 002A         {
                 ; 0000 002B                 rotary_value--;
00007f 01f3      	MOVW R30,R6
000080 9731      	SBIW R30,1
000081 013f      	MOVW R6,R30
                 ; 0000 002C         }
                 ; 0000 002D         delay_ms(3);
                 _0x3:
000082 940e 0274 	CALL SUBOPT_0x1
                 ; 0000 002E }
000084 c092      	RJMP _0x21
                 ; .FEND
                 ;
                 ;// External Interrupt 1 service routine
                 ;interrupt [EXT_INT1] void ext_int1_isr(void)
                 ; 0000 0032 {
                 _ext_int1_isr:
                 ; .FSTART _ext_int1_isr
000085 940e 025f 	CALL SUBOPT_0x0
                 ; 0000 0033         if(PIND.2==PIND.3)
000087 f419      	BRNE _0x4
                 ; 0000 0034         {
                 ; 0000 0035                 rotary_value++;
000088 01f3      	MOVW R30,R6
000089 9631      	ADIW R30,1
00008a 013f      	MOVW R6,R30
                 ; 0000 0036         }
                 ; 0000 0037         delay_ms(3);
                 _0x4:
00008b 940e 0274 	CALL SUBOPT_0x1
                 ; 0000 0038 }
00008d c089      	RJMP _0x21
                 ; .FEND
                 ;
                 ;// External Interrupt 2 service routine
                 ;interrupt [EXT_INT2] void ext_int2_isr(void)
                 ; 0000 003C {
                 _ext_int2_isr:
                 ; .FSTART _ext_int2_isr
00008e 920a      	ST   -Y,R0
00008f 921a      	ST   -Y,R1
000090 92fa      	ST   -Y,R15
000091 936a      	ST   -Y,R22
000092 937a      	ST   -Y,R23
000093 938a      	ST   -Y,R24
000094 939a      	ST   -Y,R25
000095 93aa      	ST   -Y,R26
000096 93ba      	ST   -Y,R27
000097 93ea      	ST   -Y,R30
000098 93fa      	ST   -Y,R31
000099 b7ef      	IN   R30,SREG
00009a 93ea      	ST   -Y,R30
                 ; 0000 003D         lcd_clear();
00009b d11f      	RCALL _lcd_clear
                 ; 0000 003E         i++;
00009c 01f5      	MOVW R30,R10
00009d 9631      	ADIW R30,1
00009e 015f      	MOVW R10,R30
                 ; 0000 003F         if(changepass==0)
00009f 2c04      	MOV  R0,R4
0000a0 2805      	OR   R0,R5
0000a1 f009      	BREQ PC+2
0000a2 c04d      	RJMP _0x5
                 ; 0000 0040         {
                 ; 0000 0041                pass[i]=rotary_value;
0000a3 e6a0      	LDI  R26,LOW(_pass)
0000a4 e0b1      	LDI  R27,HIGH(_pass)
0000a5 0fee      	LSL  R30
0000a6 1fff      	ROL  R31
0000a7 0fea      	ADD  R30,R26
0000a8 1ffb      	ADC  R31,R27
0000a9 8260      	ST   Z,R6
0000aa 8271      	STD  Z+1,R7
                 ; 0000 0042                if(pass[i]==corroctpass[i])corroctnum++;
0000ab 01f5      	MOVW R30,R10
0000ac e6a0      	LDI  R26,LOW(_pass)
0000ad e0b1      	LDI  R27,HIGH(_pass)
0000ae 0fee      	LSL  R30
0000af 1fff      	ROL  R31
0000b0 0fae      	ADD  R26,R30
0000b1 1fbf      	ADC  R27,R31
0000b2 900d      	LD   R0,X+
0000b3 901c      	LD   R1,X
0000b4 01f5      	MOVW R30,R10
0000b5 e0a0      	LDI  R26,LOW(_corroctpass)
0000b6 e0b0      	LDI  R27,HIGH(_corroctpass)
0000b7 0fee      	LSL  R30
0000b8 1fff      	ROL  R31
0000b9 0fae      	ADD  R26,R30
0000ba 1fbf      	ADC  R27,R31
0000bb 940e 02c5 	CALL __EEPROMRDW
0000bd 15e0      	CP   R30,R0
0000be 05f1      	CPC  R31,R1
0000bf f419      	BRNE _0x6
0000c0 01f4      	MOVW R30,R8
0000c1 9631      	ADIW R30,1
0000c2 014f      	MOVW R8,R30
                 ; 0000 0043                itoa(rotary_value,ch);
                 _0x6:
0000c3 940e 0278 	CALL SUBOPT_0x2
                 ; 0000 0044                lcd_puts(ch);
                 ; 0000 0045                if(i==5)
0000c5 940e 0282 	CALL SUBOPT_0x3
0000c7 f541      	BRNE _0x7
                 ; 0000 0046                {
                 ; 0000 0047                        //Do_Task
                 ; 0000 0048                        if(i==5&&corroctnum==6)
0000c8 940e 0282 	CALL SUBOPT_0x3
0000ca f429      	BRNE _0x9
0000cb e0e6      	LDI  R30,LOW(6)
0000cc e0f0      	LDI  R31,HIGH(6)
0000cd 15e8      	CP   R30,R8
0000ce 05f9      	CPC  R31,R9
0000cf f009      	BREQ _0xA
                 _0x9:
0000d0 c00c      	RJMP _0x8
                 _0xA:
                 ; 0000 0049                        {
                 ; 0000 004A                                lcd_clear();
0000d1 d0e9      	RCALL _lcd_clear
                 ; 0000 004B                                lcd_putsf("Unlock");
                +
0000d2 e5ac     +LDI R26 , LOW ( 2 * _0x0 + ( 0 ) )
0000d3 e0b0     +LDI R27 , HIGH ( 2 * _0x0 + ( 0 ) )
                 	__POINTW2FN _0x0,0
0000d4 d11a      	RCALL _lcd_putsf
                 ; 0000 004C                                PORTD.6=1;
0000d5 9a96      	SBI  0x12,6
                 ; 0000 004D                                delay_ms(3000);
0000d6 eba8      	LDI  R26,LOW(3000)
0000d7 e0bb      	LDI  R27,HIGH(3000)
0000d8 940e 02bb 	CALL _delay_ms
                 ; 0000 004E                                PORTD.6=0;
0000da 9896      	CBI  0x12,6
                 ; 0000 004F                                lcd_clear();
0000db 940e 0287 	CALL SUBOPT_0x4
                 ; 0000 0050                                lcd_puts(ch);
                 ; 0000 0051 
                 ; 0000 0052                                corroctnum=0;
                 ; 0000 0053                                i=-1;
                 ; 0000 0054                                pass[0]=0;
                 ; 0000 0055                                pass[1]=0;
                 ; 0000 0056                                pass[2]=0;
                 ; 0000 0057                                pass[3]=0;
                 ; 0000 0058                                pass[4]=0;
                 ; 0000 0059                                pass[5]=0;
                 ; 0000 005A                                rotary_value=0;
                 ; 0000 005B                        }
                 ; 0000 005C 
                 ; 0000 005D                        if(i==5&&corroctnum<6)
                 _0x8:
0000dd 940e 0282 	CALL SUBOPT_0x3
0000df f429      	BRNE _0x10
0000e0 e0e6      	LDI  R30,LOW(6)
0000e1 e0f0      	LDI  R31,HIGH(6)
0000e2 168e      	CP   R8,R30
0000e3 069f      	CPC  R9,R31
0000e4 f00c      	BRLT _0x11
                 _0x10:
0000e5 c00a      	RJMP _0xF
                 _0x11:
                 ; 0000 005E                        {
                 ; 0000 005F 
                 ; 0000 0060                                lcd_clear();
0000e6 d0d4      	RCALL _lcd_clear
                 ; 0000 0061                                lcd_putsf("Wrong Pass");
                +
0000e7 e6a3     +LDI R26 , LOW ( 2 * _0x0 + ( 7 ) )
0000e8 e0b0     +LDI R27 , HIGH ( 2 * _0x0 + ( 7 ) )
                 	__POINTW2FN _0x0,7
0000e9 d105      	RCALL _lcd_putsf
                 ; 0000 0062                                delay_ms(4000);
0000ea eaa0      	LDI  R26,LOW(4000)
0000eb e0bf      	LDI  R27,HIGH(4000)
0000ec 940e 02bb 	CALL _delay_ms
                 ; 0000 0063                                lcd_clear();
0000ee 940e 0287 	CALL SUBOPT_0x4
                 ; 0000 0064                                lcd_puts(ch);
                 ; 0000 0065 
                 ; 0000 0066 
                 ; 0000 0067                                corroctnum=0;
                 ; 0000 0068                                i=-1;
                 ; 0000 0069                                pass[0]=0;
                 ; 0000 006A                                pass[1]=0;
                 ; 0000 006B                                pass[2]=0;
                 ; 0000 006C                                pass[3]=0;
                 ; 0000 006D                                pass[4]=0;
                 ; 0000 006E                                pass[5]=0;
                 ; 0000 006F                                rotary_value=0;
                 ; 0000 0070                        }
                 ; 0000 0071                }
                 _0xF:
                 ; 0000 0072         }
                 _0x7:
                 ; 0000 0073 
                 ; 0000 0074         if(changepass==1)
                 _0x5:
0000f0 e0e1      	LDI  R30,LOW(1)
0000f1 e0f0      	LDI  R31,HIGH(1)
0000f2 15e4      	CP   R30,R4
0000f3 05f5      	CPC  R31,R5
0000f4 f511      	BRNE _0x12
                 ; 0000 0075         {
                 ; 0000 0076                lcd_clear();
0000f5 940e 02b0 	CALL SUBOPT_0x5
                 ; 0000 0077                itoa(rotary_value,ch);
                 ; 0000 0078                lcd_puts(ch);
                 ; 0000 0079                corroctpass[i]=rotary_value;
0000f7 01f5      	MOVW R30,R10
0000f8 e0a0      	LDI  R26,LOW(_corroctpass)
0000f9 e0b0      	LDI  R27,HIGH(_corroctpass)
0000fa 0fee      	LSL  R30
0000fb 1fff      	ROL  R31
0000fc 0fae      	ADD  R26,R30
0000fd 1fbf      	ADC  R27,R31
0000fe 01f3      	MOVW R30,R6
0000ff 940e 02d5 	CALL __EEPROMWRW
                 ; 0000 007A                if(i==5)
000101 940e 0282 	CALL SUBOPT_0x3
000103 f499      	BRNE _0x13
                 ; 0000 007B                {
                 ; 0000 007C                       i=-1;
000104 efef      	LDI  R30,LOW(65535)
000105 efff      	LDI  R31,HIGH(65535)
000106 015f      	MOVW R10,R30
                 ; 0000 007D                       corroctnum=0;
000107 2488      	CLR  R8
000108 2499      	CLR  R9
                 ; 0000 007E                       changepass=0;
000109 2444      	CLR  R4
00010a 2455      	CLR  R5
                 ; 0000 007F                       lcd_clear();
00010b d0af      	RCALL _lcd_clear
                 ; 0000 0080                       lcd_putsf("Pass Changed");
                +
00010c e6ae     +LDI R26 , LOW ( 2 * _0x0 + ( 18 ) )
00010d e0b0     +LDI R27 , HIGH ( 2 * _0x0 + ( 18 ) )
                 	__POINTW2FN _0x0,18
00010e d0e0      	RCALL _lcd_putsf
                 ; 0000 0081                       delay_ms(2000);
00010f eda0      	LDI  R26,LOW(2000)
000110 e0b7      	LDI  R27,HIGH(2000)
000111 940e 02bb 	CALL _delay_ms
                 ; 0000 0082                       lcd_clear();
000113 d0a7      	RCALL _lcd_clear
                 ; 0000 0083                       lcd_puts(ch);
000114 e6ac      	LDI  R26,LOW(_ch)
000115 e0b1      	LDI  R27,HIGH(_ch)
000116 d0c9      	RCALL _lcd_puts
                 ; 0000 0084                }
                 ; 0000 0085         }
                 _0x13:
                 ; 0000 0086 }
                 _0x12:
                 _0x21:
000117 91e9      	LD   R30,Y+
000118 bfef      	OUT  SREG,R30
000119 91f9      	LD   R31,Y+
00011a 91e9      	LD   R30,Y+
00011b 91b9      	LD   R27,Y+
00011c 91a9      	LD   R26,Y+
00011d 9199      	LD   R25,Y+
00011e 9189      	LD   R24,Y+
00011f 9179      	LD   R23,Y+
000120 9169      	LD   R22,Y+
000121 90f9      	LD   R15,Y+
000122 9019      	LD   R1,Y+
000123 9009      	LD   R0,Y+
000124 9518      	RETI
                 ; .FEND
                 ;
                 ;void main(void)
                 ; 0000 0089 {
                 _main:
                 ; .FSTART _main
                 ; 0000 008A // Declare your local variables here
                 ; 0000 008B 
                 ; 0000 008C // Input/Output Ports initialization
                 ; 0000 008D // Port A initialization
                 ; 0000 008E // Function: Bit7=In Bit6=In Bit5=In Bit4=In Bit3=In Bit2=In Bit1=In Bit0=In
                 ; 0000 008F DDRA=(0<<DDA7) | (0<<DDA6) | (0<<DDA5) | (0<<DDA4) | (0<<DDA3) | (0<<DDA2) | (0<<DDA1) | (0<<DDA0);
000125 e0e0      	LDI  R30,LOW(0)
000126 bbea      	OUT  0x1A,R30
                 ; 0000 0090 // State: Bit7=T Bit6=T Bit5=T Bit4=T Bit3=T Bit2=T Bit1=T Bit0=T
                 ; 0000 0091 PORTA=(0<<PORTA7) | (0<<PORTA6) | (0<<PORTA5) | (0<<PORTA4) | (0<<PORTA3) | (0<<PORTA2) | (0<<PORTA1) | (0<<PORTA0);
000127 bbeb      	OUT  0x1B,R30
                 ; 0000 0092 
                 ; 0000 0093 // Port B initialization
                 ; 0000 0094 // Function: Bit7=In Bit6=In Bit5=In Bit4=In Bit3=In Bit2=In Bit1=In Bit0=In
                 ; 0000 0095 DDRB=(0<<DDB7) | (0<<DDB6) | (0<<DDB5) | (0<<DDB4) | (0<<DDB3) | (0<<DDB2) | (0<<DDB1) | (0<<DDB0);
000128 bbe7      	OUT  0x17,R30
                 ; 0000 0096 // State: Bit7=T Bit6=T Bit5=T Bit4=T Bit3=T Bit2=T Bit1=T Bit0=T
                 ; 0000 0097 PORTB=(0<<PORTB7) | (0<<PORTB6) | (0<<PORTB5) | (0<<PORTB4) | (0<<PORTB3) | (1<<PORTB2) | (0<<PORTB1) | (0<<PORTB0);
000129 e0e4      	LDI  R30,LOW(4)
00012a bbe8      	OUT  0x18,R30
                 ; 0000 0098 
                 ; 0000 0099 // Port C initialization
                 ; 0000 009A // Function: Bit7=In Bit6=In Bit5=In Bit4=In Bit3=In Bit2=In Bit1=In Bit0=In
                 ; 0000 009B DDRC=(0<<DDC7) | (0<<DDC6) | (0<<DDC5) | (0<<DDC4) | (0<<DDC3) | (0<<DDC2) | (0<<DDC1) | (0<<DDC0);
00012b e0e0      	LDI  R30,LOW(0)
00012c bbe4      	OUT  0x14,R30
                 ; 0000 009C // State: Bit7=T Bit6=T Bit5=T Bit4=T Bit3=T Bit2=T Bit1=T Bit0=T
                 ; 0000 009D PORTC=(0<<PORTC7) | (0<<PORTC6) | (0<<PORTC5) | (0<<PORTC4) | (0<<PORTC3) | (0<<PORTC2) | (0<<PORTC1) | (0<<PORTC0);
00012d bbe5      	OUT  0x15,R30
                 ; 0000 009E 
                 ; 0000 009F // Port D initialization
                 ; 0000 00A0 // Function: Bit7=In Bit6=Out Bit5=In Bit4=In Bit3=In Bit2=In Bit1=In Bit0=In
                 ; 0000 00A1 DDRD=(0<<DDD7) | (1<<DDD6) | (0<<DDD5) | (0<<DDD4) | (0<<DDD3) | (0<<DDD2) | (0<<DDD1) | (0<<DDD0);
00012e e4e0      	LDI  R30,LOW(64)
00012f bbe1      	OUT  0x11,R30
                 ; 0000 00A2 // State: Bit7=T Bit6=0 Bit5=T Bit4=T Bit3=P Bit2=T Bit1=P Bit0=P
                 ; 0000 00A3 PORTD=(0<<PORTD7) | (0<<PORTD6) | (0<<PORTD5) | (0<<PORTD4) | (1<<PORTD3) | (1<<PORTD2) | (1<<PORTD1) | (0<<PORTD0);
000130 e0ee      	LDI  R30,LOW(14)
000131 bbe2      	OUT  0x12,R30
                 ; 0000 00A4 
                 ; 0000 00A5 // Timer/Counter 0 initialization
                 ; 0000 00A6 // Clock source: System Clock
                 ; 0000 00A7 // Clock value: Timer 0 Stopped
                 ; 0000 00A8 // Mode: Normal top=0xFF
                 ; 0000 00A9 // OC0 output: Disconnected
                 ; 0000 00AA TCCR0=(0<<WGM00) | (0<<COM01) | (0<<COM00) | (0<<WGM01) | (0<<CS02) | (0<<CS01) | (0<<CS00);
000132 e0e0      	LDI  R30,LOW(0)
000133 bfe3      	OUT  0x33,R30
                 ; 0000 00AB TCNT0=0x00;
000134 bfe2      	OUT  0x32,R30
                 ; 0000 00AC OCR0=0x00;
000135 bfec      	OUT  0x3C,R30
                 ; 0000 00AD 
                 ; 0000 00AE // Timer/Counter 1 initialization
                 ; 0000 00AF // Clock source: System Clock
                 ; 0000 00B0 // Clock value: Timer1 Stopped
                 ; 0000 00B1 // Mode: Normal top=0xFFFF
                 ; 0000 00B2 // OC1A output: Disconnected
                 ; 0000 00B3 // OC1B output: Disconnected
                 ; 0000 00B4 // Noise Canceler: Off
                 ; 0000 00B5 // Input Capture on Falling Edge
                 ; 0000 00B6 // Timer1 Overflow Interrupt: Off
                 ; 0000 00B7 // Input Capture Interrupt: Off
                 ; 0000 00B8 // Compare A Match Interrupt: Off
                 ; 0000 00B9 // Compare B Match Interrupt: Off
                 ; 0000 00BA TCCR1A=(0<<COM1A1) | (0<<COM1A0) | (0<<COM1B1) | (0<<COM1B0) | (0<<WGM11) | (0<<WGM10);
000136 bdef      	OUT  0x2F,R30
                 ; 0000 00BB TCCR1B=(0<<ICNC1) | (0<<ICES1) | (0<<WGM13) | (0<<WGM12) | (0<<CS12) | (0<<CS11) | (0<<CS10);
000137 bdee      	OUT  0x2E,R30
                 ; 0000 00BC TCNT1H=0x00;
000138 bded      	OUT  0x2D,R30
                 ; 0000 00BD TCNT1L=0x00;
000139 bdec      	OUT  0x2C,R30
                 ; 0000 00BE ICR1H=0x00;
00013a bde7      	OUT  0x27,R30
                 ; 0000 00BF ICR1L=0x00;
00013b bde6      	OUT  0x26,R30
                 ; 0000 00C0 OCR1AH=0x00;
00013c bdeb      	OUT  0x2B,R30
                 ; 0000 00C1 OCR1AL=0x00;
00013d bdea      	OUT  0x2A,R30
                 ; 0000 00C2 OCR1BH=0x00;
00013e bde9      	OUT  0x29,R30
                 ; 0000 00C3 OCR1BL=0x00;
00013f bde8      	OUT  0x28,R30
                 ; 0000 00C4 
                 ; 0000 00C5 // Timer/Counter 2 initialization
                 ; 0000 00C6 // Clock source: System Clock
                 ; 0000 00C7 // Clock value: Timer2 Stopped
                 ; 0000 00C8 // Mode: Normal top=0xFF
                 ; 0000 00C9 // OC2 output: Disconnected
                 ; 0000 00CA ASSR=0<<AS2;
000140 bde2      	OUT  0x22,R30
                 ; 0000 00CB TCCR2=(0<<PWM2) | (0<<COM21) | (0<<COM20) | (0<<CTC2) | (0<<CS22) | (0<<CS21) | (0<<CS20);
000141 bde5      	OUT  0x25,R30
                 ; 0000 00CC TCNT2=0x00;
000142 bde4      	OUT  0x24,R30
                 ; 0000 00CD OCR2=0x00;
000143 bde3      	OUT  0x23,R30
                 ; 0000 00CE 
                 ; 0000 00CF // Timer(s)/Counter(s) Interrupt(s) initialization
                 ; 0000 00D0 TIMSK=(0<<OCIE2) | (0<<TOIE2) | (0<<TICIE1) | (0<<OCIE1A) | (0<<OCIE1B) | (0<<TOIE1) | (0<<OCIE0) | (0<<TOIE0);
000144 bfe9      	OUT  0x39,R30
                 ; 0000 00D1 
                 ; 0000 00D2 // External Interrupt(s) initialization
                 ; 0000 00D3 // INT0: On
                 ; 0000 00D4 // INT0 Mode: Any Change
                 ; 0000 00D5 // INT1: On
                 ; 0000 00D6 // INT1 Mode: Any Change
                 ; 0000 00D7 // INT2: On
                 ; 0000 00D8 // INT2 Mode: Falling Edge
                 ; 0000 00D9 
                 ; 0000 00DA GICR |= (1<<INT0) | (1<<INT1) | (1<<INT2);
000145 b7eb      	IN   R30,0x3B
000146 6ee0      	ORI  R30,LOW(0xE0)
000147 bfeb      	OUT  0x3B,R30
                 ; 0000 00DB MCUCR |= (1<<ISC00);
000148 b7e5      	IN   R30,0x35
000149 60e1      	ORI  R30,1
00014a bfe5      	OUT  0x35,R30
                 ; 0000 00DC MCUCR &= ~(1<<ISC01);
00014b b7e5      	IN   R30,0x35
00014c 7fed      	ANDI R30,0xFD
00014d bfe5      	OUT  0x35,R30
                 ; 0000 00DD MCUCR |= (1<<ISC10);
00014e b7e5      	IN   R30,0x35
00014f 60e4      	ORI  R30,4
000150 bfe5      	OUT  0x35,R30
                 ; 0000 00DE MCUCR &= ~(1<<ISC11);
000151 b7e5      	IN   R30,0x35
000152 7fe7      	ANDI R30,0XF7
000153 bfe5      	OUT  0x35,R30
                 ; 0000 00DF MCUCSR &= ~(1<<ISC2);
000154 b7e4      	IN   R30,0x34
000155 7bef      	ANDI R30,0xBF
000156 bfe4      	OUT  0x34,R30
                 ; 0000 00E0 GIFR=(0<<INTF1) | (1<<INTF0) | (0<<INTF2);
000157 e4e0      	LDI  R30,LOW(64)
000158 bfea      	OUT  0x3A,R30
                 ; 0000 00E1 
                 ; 0000 00E2 // USART initialization
                 ; 0000 00E3 // USART disabled
                 ; 0000 00E4 UCSRB=(0<<RXCIE) | (0<<TXCIE) | (0<<UDRIE) | (0<<RXEN) | (0<<TXEN) | (0<<UCSZ2) | (0<<RXB8) | (0<<TXB8);
000159 e0e0      	LDI  R30,LOW(0)
00015a b9ea      	OUT  0xA,R30
                 ; 0000 00E5 
                 ; 0000 00E6 // Analog Comparator initialization
                 ; 0000 00E7 // Analog Comparator: Off
                 ; 0000 00E8 // The Analog Comparator's positive input is
                 ; 0000 00E9 // connected to the AIN0 pin
                 ; 0000 00EA // The Analog Comparator's negative input is
                 ; 0000 00EB // connected to the AIN1 pin
                 ; 0000 00EC ACSR=(1<<ACD) | (0<<ACBG) | (0<<ACO) | (0<<ACI) | (0<<ACIE) | (0<<ACIC) | (0<<ACIS1) | (0<<ACIS0);
00015b e8e0      	LDI  R30,LOW(128)
00015c b9e8      	OUT  0x8,R30
                 ; 0000 00ED SFIOR=(0<<ACME);
00015d e0e0      	LDI  R30,LOW(0)
00015e bfe0      	OUT  0x30,R30
                 ; 0000 00EE 
                 ; 0000 00EF // ADC initialization
                 ; 0000 00F0 // ADC disabled
                 ; 0000 00F1 ADCSRA=(0<<ADEN) | (0<<ADSC) | (0<<ADATE) | (0<<ADIF) | (0<<ADIE) | (0<<ADPS2) | (0<<ADPS1) | (0<<ADPS0);
00015f b9e6      	OUT  0x6,R30
                 ; 0000 00F2 
                 ; 0000 00F3 // SPI initialization
                 ; 0000 00F4 // SPI disabled
                 ; 0000 00F5 SPCR=(0<<SPIE) | (0<<SPE) | (0<<DORD) | (0<<MSTR) | (0<<CPOL) | (0<<CPHA) | (0<<SPR1) | (0<<SPR0);
000160 b9ed      	OUT  0xD,R30
                 ; 0000 00F6 
                 ; 0000 00F7 // TWI initialization
                 ; 0000 00F8 // TWI disabled
                 ; 0000 00F9 TWCR=(0<<TWEA) | (0<<TWSTA) | (0<<TWSTO) | (0<<TWEN) | (0<<TWIE);
000161 bfe6      	OUT  0x36,R30
                 ; 0000 00FA 
                 ; 0000 00FB // Alphanumeric LCD initialization
                 ; 0000 00FC // Connections are specified in the
                 ; 0000 00FD // Project|Configure|C Compiler|Libraries|Alphanumeric LCD menu:
                 ; 0000 00FE // RS - PORTC Bit 0
                 ; 0000 00FF // RD - PORTC Bit 1
                 ; 0000 0100 // EN - PORTC Bit 2
                 ; 0000 0101 // D4 - PORTC Bit 4
                 ; 0000 0102 // D5 - PORTC Bit 5
                 ; 0000 0103 // D6 - PORTC Bit 6
                 ; 0000 0104 // D7 - PORTC Bit 7
                 ; 0000 0105 // Characters/line: 16
                 ; 0000 0106 lcd_init(16);
000162 e1a0      	LDI  R26,LOW(16)
000163 d09e      	RCALL _lcd_init
                 ; 0000 0107 
                 ; 0000 0108 // Global enable interrupts
                 ; 0000 0109 #asm("sei")
000164 9478      	sei
                 ; 0000 010A 
                 ; 0000 010B //corroctpass[0]=1;
                 ; 0000 010C //corroctpass[1]=2;
                 ; 0000 010D //corroctpass[2]=3;
                 ; 0000 010E //corroctpass[3]=4;
                 ; 0000 010F //corroctpass[4]=5;
                 ; 0000 0110 //corroctpass[5]=6;
                 ; 0000 0111 
                 ; 0000 0112 lcd_clear();
000165 940e 02b0 	CALL SUBOPT_0x5
                 ; 0000 0113 itoa(rotary_value,ch);
                 ; 0000 0114 lcd_puts(ch);
                 ; 0000 0115 
                 ; 0000 0116 while (1)
                 _0x14:
                 ; 0000 0117       {
                 ; 0000 0118                     lcd_clear();
000167 940e 02b0 	CALL SUBOPT_0x5
                 ; 0000 0119                     itoa(rotary_value,ch);
                 ; 0000 011A                     lcd_puts(ch);
                 ; 0000 011B                     delay_ms(50);
000169 e3a2      	LDI  R26,LOW(50)
00016a e0b0      	LDI  R27,0
00016b 940e 02bb 	CALL _delay_ms
                 ; 0000 011C 
                 ; 0000 011D                     ///////////////////////////////////////////
                 ; 0000 011E                     if(PIND.1==0)                             //
00016d 9981      	SBIC 0x10,1
00016e c01b      	RJMP _0x17
                 ; 0000 011F                     {                                         //
                 ; 0000 0120                             i=-1;                             //
00016f efef      	LDI  R30,LOW(65535)
000170 efff      	LDI  R31,HIGH(65535)
000171 015f      	MOVW R10,R30
                 ; 0000 0121                             changepass=1;                     //
000172 e0e1      	LDI  R30,LOW(1)
000173 e0f0      	LDI  R31,HIGH(1)
000174 012f      	MOVW R4,R30
                 ; 0000 0122                             while(i<5&&changepass==1)         //
                 _0x18:
000175 e0e5      	LDI  R30,LOW(5)
000176 e0f0      	LDI  R31,HIGH(5)
000177 16ae      	CP   R10,R30
000178 06bf      	CPC  R11,R31
000179 f42c      	BRGE _0x1B
00017a e0e1      	LDI  R30,LOW(1)
00017b e0f0      	LDI  R31,HIGH(1)
00017c 15e4      	CP   R30,R4
00017d 05f5      	CPC  R31,R5
00017e f009      	BREQ _0x1C
                 _0x1B:
00017f c00a      	RJMP _0x1A
                 _0x1C:
                 ; 0000 0123                             {                                 //
                 ; 0000 0124                                       changepass=1;           //
000180 e0e1      	LDI  R30,LOW(1)
000181 e0f0      	LDI  R31,HIGH(1)
000182 012f      	MOVW R4,R30
                 ; 0000 0125                                       lcd_clear();            //
000183 940e 02b0 	CALL SUBOPT_0x5
                 ; 0000 0126                                       itoa(rotary_value,ch);  // Change_Pass
                 ; 0000 0127                                       lcd_puts(ch);           //
                 ; 0000 0128                                       delay_ms(50);           //
000185 e3a2      	LDI  R26,LOW(50)
000186 e0b0      	LDI  R27,0
000187 940e 02bb 	CALL _delay_ms
                 ; 0000 0129                             }                                 //
000189 cfeb      	RJMP _0x18
                 _0x1A:
                 ; 0000 012A                                                               //
                 ; 0000 012B                                                               //
                 ; 0000 012C                     }                                         //
                 ; 0000 012D                     while(PIND.1==0);                         //
                 _0x17:
                 _0x1D:
00018a 9b81      	SBIS 0x10,1
00018b cffe      	RJMP _0x1D
                 ; 0000 012E                     ///////////////////////////////////////////
                 ; 0000 012F       }
00018c cfda      	RJMP _0x14
                 ; 0000 0130 }
                 _0x20:
00018d cfff      	RJMP _0x20
                 ; .FEND
                 	#ifndef __SLEEP_DEFINED__
                 	#endif
                 
                 	.DSEG
                 
                 	.CSEG
                 __lcd_write_nibble_G100:
                 ; .FSTART __lcd_write_nibble_G100
00018e 93aa      	ST   -Y,R26
00018f b3e5      	IN   R30,0x15
000190 70ef      	ANDI R30,LOW(0xF)
000191 2fae      	MOV  R26,R30
000192 81e8      	LD   R30,Y
000193 7fe0      	ANDI R30,LOW(0xF0)
000194 2bea      	OR   R30,R26
000195 bbe5      	OUT  0x15,R30
                +
000196 e08d     +LDI R24 , LOW ( 13 )
                +__DELAY_USB_LOOP :
000197 958a     +DEC R24
000198 f7f1     +BRNE __DELAY_USB_LOOP
                 	__DELAY_USB 13
000199 9aaa      	SBI  0x15,2
                +
00019a e08d     +LDI R24 , LOW ( 13 )
                +__DELAY_USB_LOOP :
00019b 958a     +DEC R24
00019c f7f1     +BRNE __DELAY_USB_LOOP
                 	__DELAY_USB 13
00019d 98aa      	CBI  0x15,2
                +
00019e e08d     +LDI R24 , LOW ( 13 )
                +__DELAY_USB_LOOP :
00019f 958a     +DEC R24
0001a0 f7f1     +BRNE __DELAY_USB_LOOP
                 	__DELAY_USB 13
0001a1 c08d      	RJMP _0x20A0001
                 ; .FEND
                 __lcd_write_data:
                 ; .FSTART __lcd_write_data
0001a2 93aa      	ST   -Y,R26
0001a3 81a8      	LD   R26,Y
0001a4 dfe9      	RCALL __lcd_write_nibble_G100
0001a5 81e8          ld    r30,y
0001a6 95e2          swap  r30
0001a7 83e8          st    y,r30
0001a8 81a8      	LD   R26,Y
0001a9 dfe4      	RCALL __lcd_write_nibble_G100
                +
0001aa e885     +LDI R24 , LOW ( 133 )
                +__DELAY_USB_LOOP :
0001ab 958a     +DEC R24
0001ac f7f1     +BRNE __DELAY_USB_LOOP
                 	__DELAY_USB 133
0001ad c081      	RJMP _0x20A0001
                 ; .FEND
                 _lcd_gotoxy:
                 ; .FSTART _lcd_gotoxy
0001ae 93aa      	ST   -Y,R26
0001af 81e8      	LD   R30,Y
0001b0 e0f0      	LDI  R31,0
0001b1 58e4      	SUBI R30,LOW(-__base_y_G100)
0001b2 4ffe      	SBCI R31,HIGH(-__base_y_G100)
0001b3 81e0      	LD   R30,Z
0001b4 81a9      	LDD  R26,Y+1
0001b5 0fae      	ADD  R26,R30
0001b6 dfeb      	RCALL __lcd_write_data
0001b7 80d9      	LDD  R13,Y+1
0001b8 80c8      	LDD  R12,Y+0
0001b9 9622      	ADIW R28,2
0001ba 9508      	RET
                 ; .FEND
                 _lcd_clear:
                 ; .FSTART _lcd_clear
0001bb e0a2      	LDI  R26,LOW(2)
0001bc dfe5      	RCALL __lcd_write_data
0001bd 940e 0274 	CALL SUBOPT_0x1
0001bf e0ac      	LDI  R26,LOW(12)
0001c0 dfe1      	RCALL __lcd_write_data
0001c1 e0a1      	LDI  R26,LOW(1)
0001c2 dfdf      	RCALL __lcd_write_data
0001c3 940e 0274 	CALL SUBOPT_0x1
0001c5 e0e0      	LDI  R30,LOW(0)
0001c6 2ece      	MOV  R12,R30
0001c7 2ede      	MOV  R13,R30
0001c8 9508      	RET
                 ; .FEND
                 _lcd_putchar:
                 ; .FSTART _lcd_putchar
0001c9 93aa      	ST   -Y,R26
0001ca 81a8      	LD   R26,Y
0001cb 30aa      	CPI  R26,LOW(0xA)
0001cc f021      	BREQ _0x2000005
0001cd 91e0 0180 	LDS  R30,__lcd_maxx
0001cf 16de      	CP   R13,R30
0001d0 f048      	BRLO _0x2000004
                 _0x2000005:
0001d1 e0e0      	LDI  R30,LOW(0)
0001d2 93ea      	ST   -Y,R30
0001d3 94c3      	INC  R12
0001d4 2dac      	MOV  R26,R12
0001d5 dfd8      	RCALL _lcd_gotoxy
0001d6 81a8      	LD   R26,Y
0001d7 30aa      	CPI  R26,LOW(0xA)
0001d8 f409      	BRNE _0x2000007
0001d9 c055      	RJMP _0x20A0001
                 _0x2000007:
                 _0x2000004:
0001da 94d3      	INC  R13
0001db 9aa8      	SBI  0x15,0
0001dc 81a8      	LD   R26,Y
0001dd dfc4      	RCALL __lcd_write_data
0001de 98a8      	CBI  0x15,0
0001df c04f      	RJMP _0x20A0001
                 ; .FEND
                 _lcd_puts:
                 ; .FSTART _lcd_puts
0001e0 93ba      	ST   -Y,R27
0001e1 93aa      	ST   -Y,R26
0001e2 931a      	ST   -Y,R17
                 _0x2000008:
0001e3 81a9      	LDD  R26,Y+1
0001e4 81ba      	LDD  R27,Y+1+1
0001e5 91ed      	LD   R30,X+
0001e6 83a9      	STD  Y+1,R26
0001e7 83ba      	STD  Y+1+1,R27
0001e8 2f1e      	MOV  R17,R30
0001e9 30e0      	CPI  R30,0
0001ea f019      	BREQ _0x200000A
0001eb 2fa1      	MOV  R26,R17
0001ec dfdc      	RCALL _lcd_putchar
0001ed cff5      	RJMP _0x2000008
                 _0x200000A:
0001ee c010      	RJMP _0x20A0002
                 ; .FEND
                 _lcd_putsf:
                 ; .FSTART _lcd_putsf
0001ef 93ba      	ST   -Y,R27
0001f0 93aa      	ST   -Y,R26
0001f1 931a      	ST   -Y,R17
                 _0x200000B:
0001f2 81e9      	LDD  R30,Y+1
0001f3 81fa      	LDD  R31,Y+1+1
0001f4 9631      	ADIW R30,1
0001f5 83e9      	STD  Y+1,R30
0001f6 83fa      	STD  Y+1+1,R31
0001f7 9731      	SBIW R30,1
0001f8 91e4      	LPM  R30,Z
0001f9 2f1e      	MOV  R17,R30
0001fa 30e0      	CPI  R30,0
0001fb f019      	BREQ _0x200000D
0001fc 2fa1      	MOV  R26,R17
0001fd dfcb      	RCALL _lcd_putchar
0001fe cff3      	RJMP _0x200000B
                 _0x200000D:
                 _0x20A0002:
0001ff 8118      	LDD  R17,Y+0
000200 9623      	ADIW R28,3
000201 9508      	RET
                 ; .FEND
                 _lcd_init:
                 ; .FSTART _lcd_init
000202 93aa      	ST   -Y,R26
000203 b3e4      	IN   R30,0x14
000204 6fe0      	ORI  R30,LOW(0xF0)
000205 bbe4      	OUT  0x14,R30
000206 9aa2      	SBI  0x14,2
000207 9aa0      	SBI  0x14,0
000208 9aa1      	SBI  0x14,1
000209 98aa      	CBI  0x15,2
00020a 98a8      	CBI  0x15,0
00020b 98a9      	CBI  0x15,1
00020c 81e8      	LD   R30,Y
00020d 93e0 0180 	STS  __lcd_maxx,R30
00020f 58e0      	SUBI R30,-LOW(128)
                +
000210 93e0 017e+STS __base_y_G100 + ( 2 ) , R30
                 	__PUTB1MN __base_y_G100,2
000212 81e8      	LD   R30,Y
000213 54e0      	SUBI R30,-LOW(192)
                +
000214 93e0 017f+STS __base_y_G100 + ( 3 ) , R30
                 	__PUTB1MN __base_y_G100,3
000216 e1a4      	LDI  R26,LOW(20)
000217 e0b0      	LDI  R27,0
000218 940e 02bb 	CALL _delay_ms
00021a 940e 02b3 	CALL SUBOPT_0x6
00021c 940e 02b3 	CALL SUBOPT_0x6
00021e 940e 02b3 	CALL SUBOPT_0x6
000220 e2a0      	LDI  R26,LOW(32)
000221 df6c      	RCALL __lcd_write_nibble_G100
                +
000222 ec88     +LDI R24 , LOW ( 200 )
000223 e090     +LDI R25 , HIGH ( 200 )
                +__DELAY_USW_LOOP :
000224 9701     +SBIW R24 , 1
000225 f7f1     +BRNE __DELAY_USW_LOOP
                 	__DELAY_USW 200
000226 e2a8      	LDI  R26,LOW(40)
000227 df7a      	RCALL __lcd_write_data
000228 e0a4      	LDI  R26,LOW(4)
000229 df78      	RCALL __lcd_write_data
00022a e8a5      	LDI  R26,LOW(133)
00022b df76      	RCALL __lcd_write_data
00022c e0a6      	LDI  R26,LOW(6)
00022d df74      	RCALL __lcd_write_data
00022e df8c      	RCALL _lcd_clear
                 _0x20A0001:
00022f 9621      	ADIW R28,1
000230 9508      	RET
                 ; .FEND
                 
                 	.CSEG
                 _itoa:
                 ; .FSTART _itoa
000231 93ba      	ST   -Y,R27
000232 93aa      	ST   -Y,R26
000233 91a9          ld   r26,y+
000234 91b9          ld   r27,y+
000235 91e9          ld   r30,y+
000236 91f9          ld   r31,y+
000237 9630          adiw r30,0
000238 f42a          brpl __itoa0
000239 95e0          com  r30
00023a 95f0          com  r31
00023b 9631          adiw r30,1
00023c e26d          ldi  r22,'-'
00023d 936d          st   x+,r22
                 __itoa0:
00023e 94e8          clt
00023f e180          ldi  r24,low(10000)
000240 e297          ldi  r25,high(10000)
000241 d00d          rcall __itoa1
000242 ee88          ldi  r24,low(1000)
000243 e093          ldi  r25,high(1000)
000244 d00a          rcall __itoa1
000245 e684          ldi  r24,100
000246 2799          clr  r25
000247 d007          rcall __itoa1
000248 e08a          ldi  r24,10
000249 d005          rcall __itoa1
00024a 2f6e          mov  r22,r30
00024b d010          rcall __itoa5
00024c 2766          clr  r22
00024d 936c          st   x,r22
00024e 9508          ret
                 
                 __itoa1:
00024f 2766          clr	 r22
                 __itoa2:
000250 17e8          cp   r30,r24
000251 07f9          cpc  r31,r25
000252 f020          brlo __itoa3
000253 9563          inc  r22
000254 1be8          sub  r30,r24
000255 0bf9          sbc  r31,r25
000256 f7c9          brne __itoa2
                 __itoa3:
000257 2366          tst  r22
000258 f411          brne __itoa4
000259 f016          brts __itoa5
00025a 9508          ret
                 __itoa4:
00025b 9468          set
                 __itoa5:
00025c 5d60          subi r22,-0x30
00025d 936d          st   x+,r22
00025e 9508          ret
                 ; .FEND
                 
                 	.DSEG
                 
                 	.CSEG
                 
                 	.CSEG
                 
                 	.CSEG
                 
                 	.CSEG
                 
                 	.ESEG
                 _corroctpass:
000000           	.BYTE 0xC
                 
                 	.DSEG
                 _pass:
000160           	.BYTE 0xC
                 _ch:
00016c           	.BYTE 0x10
                 __base_y_G100:
00017c           	.BYTE 0x4
                 __lcd_maxx:
000180           	.BYTE 0x1
                 __seed_G101:
000181           	.BYTE 0x4
                 
                 	.CSEG
                 ;OPTIMIZER ADDED SUBROUTINE, CALLED 2 TIMES, CODE SIZE REDUCTION:15 WORDS
                 SUBOPT_0x0:
00025f 920a      	ST   -Y,R0
000260 921a      	ST   -Y,R1
000261 92fa      	ST   -Y,R15
000262 936a      	ST   -Y,R22
000263 937a      	ST   -Y,R23
000264 938a      	ST   -Y,R24
000265 939a      	ST   -Y,R25
000266 93aa      	ST   -Y,R26
000267 93ba      	ST   -Y,R27
000268 93ea      	ST   -Y,R30
000269 93fa      	ST   -Y,R31
00026a b7ef      	IN   R30,SREG
00026b 93ea      	ST   -Y,R30
00026c e0a0      	LDI  R26,0
00026d 9982      	SBIC 0x10,2
00026e e0a1      	LDI  R26,1
00026f e0e0      	LDI  R30,0
000270 9983      	SBIC 0x10,3
000271 e0e1      	LDI  R30,1
000272 17ea      	CP   R30,R26
000273 9508      	RET
                 
                 ;OPTIMIZER ADDED SUBROUTINE, CALLED 4 TIMES, CODE SIZE REDUCTION:3 WORDS
                 SUBOPT_0x1:
000274 e0a3      	LDI  R26,LOW(3)
000275 e0b0      	LDI  R27,0
000276 940c 02bb 	JMP  _delay_ms
                 
                 ;OPTIMIZER ADDED SUBROUTINE, CALLED 5 TIMES, CODE SIZE REDUCTION:29 WORDS
                 SUBOPT_0x2:
000278 927a      	ST   -Y,R7
000279 926a      	ST   -Y,R6
00027a e6ac      	LDI  R26,LOW(_ch)
00027b e0b1      	LDI  R27,HIGH(_ch)
00027c 940e 0231 	CALL _itoa
00027e e6ac      	LDI  R26,LOW(_ch)
00027f e0b1      	LDI  R27,HIGH(_ch)
000280 940c 01e0 	JMP  _lcd_puts
                 
                 ;OPTIMIZER ADDED SUBROUTINE, CALLED 4 TIMES, CODE SIZE REDUCTION:3 WORDS
                 SUBOPT_0x3:
000282 e0e5      	LDI  R30,LOW(5)
000283 e0f0      	LDI  R31,HIGH(5)
000284 15ea      	CP   R30,R10
000285 05fb      	CPC  R31,R11
000286 9508      	RET
                 
                 ;OPTIMIZER ADDED SUBROUTINE, CALLED 2 TIMES, CODE SIZE REDUCTION:43 WORDS
                 SUBOPT_0x4:
000287 940e 01bb 	CALL _lcd_clear
000289 e6ac      	LDI  R26,LOW(_ch)
00028a e0b1      	LDI  R27,HIGH(_ch)
00028b 940e 01e0 	CALL _lcd_puts
00028d 2488      	CLR  R8
00028e 2499      	CLR  R9
00028f efef      	LDI  R30,LOW(65535)
000290 efff      	LDI  R31,HIGH(65535)
000291 015f      	MOVW R10,R30
000292 e0e0      	LDI  R30,LOW(0)
000293 93e0 0160 	STS  _pass,R30
000295 93e0 0161 	STS  _pass+1,R30
                +
000297 e6e2     +LDI R30 , LOW ( _pass + ( 2 ) )
000298 e0f1     +LDI R31 , HIGH ( _pass + ( 2 ) )
                 	__POINTW1MN _pass,2
000299 e0a0      	LDI  R26,LOW(0)
00029a e0b0      	LDI  R27,HIGH(0)
00029b 83a0      	STD  Z+0,R26
00029c 83b1      	STD  Z+1,R27
                +
00029d e6e4     +LDI R30 , LOW ( _pass + ( 4 ) )
00029e e0f1     +LDI R31 , HIGH ( _pass + ( 4 ) )
                 	__POINTW1MN _pass,4
00029f 83a0      	STD  Z+0,R26
0002a0 83b1      	STD  Z+1,R27
                +
0002a1 e6e6     +LDI R30 , LOW ( _pass + ( 6 ) )
0002a2 e0f1     +LDI R31 , HIGH ( _pass + ( 6 ) )
                 	__POINTW1MN _pass,6
0002a3 83a0      	STD  Z+0,R26
0002a4 83b1      	STD  Z+1,R27
                +
0002a5 e6e8     +LDI R30 , LOW ( _pass + ( 8 ) )
0002a6 e0f1     +LDI R31 , HIGH ( _pass + ( 8 ) )
                 	__POINTW1MN _pass,8
0002a7 83a0      	STD  Z+0,R26
0002a8 83b1      	STD  Z+1,R27
                +
0002a9 e6ea     +LDI R30 , LOW ( _pass + ( 10 ) )
0002aa e0f1     +LDI R31 , HIGH ( _pass + ( 10 ) )
                 	__POINTW1MN _pass,10
0002ab 83a0      	STD  Z+0,R26
0002ac 83b1      	STD  Z+1,R27
0002ad 2466      	CLR  R6
0002ae 2477      	CLR  R7
0002af 9508      	RET
                 
                 ;OPTIMIZER ADDED SUBROUTINE, CALLED 4 TIMES, CODE SIZE REDUCTION:3 WORDS
                 SUBOPT_0x5:
0002b0 940e 01bb 	CALL _lcd_clear
0002b2 cfc5      	RJMP SUBOPT_0x2
                 
                 ;OPTIMIZER ADDED SUBROUTINE, CALLED 3 TIMES, CODE SIZE REDUCTION:7 WORDS
                 SUBOPT_0x6:
0002b3 e3a0      	LDI  R26,LOW(48)
0002b4 940e 018e 	CALL __lcd_write_nibble_G100
                +
0002b6 ec88     +LDI R24 , LOW ( 200 )
0002b7 e090     +LDI R25 , HIGH ( 200 )
                +__DELAY_USW_LOOP :
0002b8 9701     +SBIW R24 , 1
0002b9 f7f1     +BRNE __DELAY_USW_LOOP
                 	__DELAY_USW 200
0002ba 9508      	RET
                 
                 
                 	.CSEG
                 _delay_ms:
0002bb 9610      	adiw r26,0
0002bc f039      	breq __delay_ms1
                 __delay_ms0:
0002bd 95a8      	wdr
                +
0002be ed80     +LDI R24 , LOW ( 0x7D0 )
0002bf e097     +LDI R25 , HIGH ( 0x7D0 )
                +__DELAY_USW_LOOP :
0002c0 9701     +SBIW R24 , 1
0002c1 f7f1     +BRNE __DELAY_USW_LOOP
                 	__DELAY_USW 0x7D0
0002c2 9711      	sbiw r26,1
0002c3 f7c9      	brne __delay_ms0
                 __delay_ms1:
0002c4 9508      	ret
                 
                 __EEPROMRDW:
0002c5 9611      	ADIW R26,1
0002c6 d002      	RCALL __EEPROMRDB
0002c7 2ffe      	MOV  R31,R30
0002c8 9711      	SBIW R26,1
                 
                 __EEPROMRDB:
0002c9 99e1      	SBIC EECR,EEWE
0002ca cffe      	RJMP __EEPROMRDB
0002cb 93ff      	PUSH R31
0002cc b7ff      	IN   R31,SREG
0002cd 94f8      	CLI
0002ce bbae      	OUT  EEARL,R26
0002cf bbbf      	OUT  EEARH,R27
0002d0 9ae0      	SBI  EECR,EERE
0002d1 b3ed      	IN   R30,EEDR
0002d2 bfff      	OUT  SREG,R31
0002d3 91ff      	POP  R31
0002d4 9508      	RET
                 
                 __EEPROMWRW:
0002d5 d007      	RCALL __EEPROMWRB
0002d6 9611      	ADIW R26,1
0002d7 93ef      	PUSH R30
0002d8 2fef      	MOV  R30,R31
0002d9 d003      	RCALL __EEPROMWRB
0002da 91ef      	POP  R30
0002db 9711      	SBIW R26,1
0002dc 9508      	RET
                 
                 __EEPROMWRB:
0002dd 9be1      	SBIS EECR,EEWE
0002de c002      	RJMP __EEPROMWRB1
0002df 95a8      	WDR
0002e0 cffc      	RJMP __EEPROMWRB
                 __EEPROMWRB1:
0002e1 b79f      	IN   R25,SREG
0002e2 94f8      	CLI
0002e3 bbae      	OUT  EEARL,R26
0002e4 bbbf      	OUT  EEARH,R27
0002e5 9ae0      	SBI  EECR,EERE
0002e6 b38d      	IN   R24,EEDR
0002e7 17e8      	CP   R30,R24
0002e8 f019      	BREQ __EEPROMWRB0
0002e9 bbed      	OUT  EEDR,R30
0002ea 9ae2      	SBI  EECR,EEMWE
0002eb 9ae1      	SBI  EECR,EEWE
                 __EEPROMWRB0:
0002ec bf9f      	OUT  SREG,R25
0002ed 9508      	RET
                 
                 ;END OF CODE MARKER
                 __END_OF_CODE:


RESOURCE USE INFORMATION
------------------------

Notice:
The register and instruction counts are symbol table hit counts,
and hence implicitly used resources are not counted, eg, the
'lpm' instruction without operands implicitly uses r0 and z,
none of which are counted.

x,y,z are separate entities in the symbol table and are
counted separately from r26..r31 here.

.dseg memory usage only counts static data declared with .byte

ATmega16A register use summary:
r0 :  11 r1 :   6 r2 :   0 r3 :   0 r4 :   6 r5 :   4 r6 :   8 r7 :   3 
r8 :   6 r9 :   4 r10:  10 r11:   2 r12:   4 r13:   4 r14:   0 r15:   3 
r16:   0 r17:   7 r18:   0 r19:   0 r20:   0 r21:   0 r22:  15 r23:   3 
r24:  32 r25:  15 r26:  80 r27:  41 r28:   4 r29:   1 r30: 197 r31:  51 
x  :   9 y  :  79 z  :  21 
Registers used: 27 out of 35 (77.1%)

ATmega16A instruction use summary:
.lds  :   0 .lds.l:   0 .sts  :   0 .sts.l:   0 adc   :   4 add   :   5 
adiw  :  12 and   :   0 andi  :   5 asr   :   0 bclr  :   0 bld   :   0 
brbc  :   0 brbs  :   0 brcc  :   0 brcs  :   0 break :   0 breq  :   9 
brge  :   1 brhc  :   0 brhs  :   0 brid  :   0 brie  :   0 brlo  :   2 
brlt  :   1 brmi  :   0 brne  :  22 brpl  :   1 brsh  :   0 brtc  :   0 
brts  :   1 brvc  :   0 brvs  :   0 bset  :   0 bst   :   0 call  :  33 
cbi   :   6 cbr   :   0 clc   :   0 clh   :   0 cli   :   3 cln   :   0 
clr   :  13 cls   :   0 clt   :   1 clv   :   0 clz   :   0 com   :   2 
cp    :  11 cpc   :   8 cpi   :   4 cpse  :   0 dec   :   5 des   :   0 
eor   :   0 fmul  :   0 fmuls :   0 fmulsu:   0 icall :   0 ijmp  :   0 
in    :  14 inc   :   3 jmp   :  24 ld    :  30 ldd   :   8 ldi   : 127 
lds   :   1 lpm   :   9 lsl   :   4 lsr   :   0 mov   :  12 movw  :  20 
mul   :   0 muls  :   0 mulsu :   0 neg   :   0 nop   :   0 or    :   2 
ori   :   4 out   :  55 pop   :   2 push  :   2 rcall :  34 ret   :  15 
reti  :   1 rjmp  :  23 rol   :   4 ror   :   0 sbc   :   1 sbci  :   1 
sbi   :  10 sbic  :   4 sbis  :   2 sbiw  :  11 sbr   :   0 sbrc  :   0 
sbrs  :   0 sec   :   0 seh   :   0 sei   :   1 sen   :   0 ser   :   0 
ses   :   0 set   :   1 sev   :   0 sez   :   0 sleep :   0 spm   :   0 
st    :  48 std   :  15 sts   :   5 sub   :   1 subi  :   4 swap  :   1 
tst   :   1 wdr   :   2 
Instructions used: 58 out of 116 (50.0%)

ATmega16A memory use summary [bytes]:
Segment   Begin    End      Code   Data   Used    Size   Use%
---------------------------------------------------------------
[.cseg] 0x000000 0x0005dc   1426     74   1500   16384   9.2%
[.dseg] 0x000060 0x000185      0     37     37    1024   3.6%
[.eseg] 0x000000 0x00000c      0     12     12     512   2.3%

Assembly complete, 0 errors, 13 warnings
